Archive member included to satisfy reference by file (symbol)

/usr/lib/gcc/arm-none-eabi/13.2.1/thumb/v6-m/nofp/libgcc.a(_dvmd_tls.o)
                              CMakeFiles/my_blink.dir/home/ubuntu-rbe-200x/pico/pico-sdk/src/rp2_common/pico_divider/divider_hardware.S.o (__aeabi_idiv0)
/usr/lib/gcc/arm-none-eabi/13.2.1/../../../arm-none-eabi/lib/thumb/v6-m/nofp/libg.a(libc_a-strncmp.o)
                              CMakeFiles/my_blink.dir/home/ubuntu-rbe-200x/pico/pico-sdk/lib/cyw43-driver/src/cyw43_ll.c.o (strncmp)
/usr/lib/gcc/arm-none-eabi/13.2.1/../../../arm-none-eabi/lib/thumb/v6-m/nofp/libg.a(libc_a-memmove.o)
                              CMakeFiles/my_blink.dir/home/ubuntu-rbe-200x/pico/pico-sdk/lib/cyw43-driver/src/cyw43_ll.c.o (memmove)
/usr/lib/gcc/arm-none-eabi/13.2.1/../../../arm-none-eabi/lib/thumb/v6-m/nofp/libg.a(libc_a-calloc.o)
                              CMakeFiles/my_blink.dir/home/ubuntu-rbe-200x/pico/pico-sdk/src/rp2_common/pico_malloc/malloc.c.o (calloc)
/usr/lib/gcc/arm-none-eabi/13.2.1/../../../arm-none-eabi/lib/thumb/v6-m/nofp/libg.a(libc_a-impure.o)
                              /usr/lib/gcc/arm-none-eabi/13.2.1/../../../arm-none-eabi/lib/thumb/v6-m/nofp/libg.a(libc_a-calloc.o) (_impure_ptr)
/usr/lib/gcc/arm-none-eabi/13.2.1/../../../arm-none-eabi/lib/thumb/v6-m/nofp/libg.a(libc_a-callocr.o)
                              /usr/lib/gcc/arm-none-eabi/13.2.1/../../../arm-none-eabi/lib/thumb/v6-m/nofp/libg.a(libc_a-calloc.o) (_calloc_r)
/usr/lib/gcc/arm-none-eabi/13.2.1/../../../arm-none-eabi/lib/thumb/v6-m/nofp/libg.a(libc_a-realloc.o)
                              CMakeFiles/my_blink.dir/home/ubuntu-rbe-200x/pico/pico-sdk/src/rp2_common/pico_malloc/malloc.c.o (realloc)
/usr/lib/gcc/arm-none-eabi/13.2.1/../../../arm-none-eabi/lib/thumb/v6-m/nofp/libg.a(libc_a-mallocr.o)
                              /usr/lib/gcc/arm-none-eabi/13.2.1/../../../arm-none-eabi/lib/thumb/v6-m/nofp/libg.a(libc_a-callocr.o) (_malloc_r)
/usr/lib/gcc/arm-none-eabi/13.2.1/../../../arm-none-eabi/lib/thumb/v6-m/nofp/libg.a(libc_a-freer.o)
                              /usr/lib/gcc/arm-none-eabi/13.2.1/../../../arm-none-eabi/lib/thumb/v6-m/nofp/libg.a(libc_a-mallocr.o) (_free_r)
/usr/lib/gcc/arm-none-eabi/13.2.1/../../../arm-none-eabi/lib/thumb/v6-m/nofp/libg.a(libc_a-memcmp.o)
                              CMakeFiles/my_blink.dir/home/ubuntu-rbe-200x/pico/pico-sdk/src/rp2_common/pico_atomic/atomic.c.o (memcmp)
/usr/lib/gcc/arm-none-eabi/13.2.1/../../../arm-none-eabi/lib/thumb/v6-m/nofp/libg.a(libc_a-malloc.o)
                              CMakeFiles/my_blink.dir/home/ubuntu-rbe-200x/pico/pico-sdk/src/rp2_common/pico_malloc/malloc.c.o (malloc)
/usr/lib/gcc/arm-none-eabi/13.2.1/../../../arm-none-eabi/lib/thumb/v6-m/nofp/libg.a(libc_a-sysconf.o)
                              /usr/lib/gcc/arm-none-eabi/13.2.1/../../../arm-none-eabi/lib/thumb/v6-m/nofp/libg.a(libc_a-mallocr.o) (sysconf)
/usr/lib/gcc/arm-none-eabi/13.2.1/../../../arm-none-eabi/lib/thumb/v6-m/nofp/libg.a(libc_a-init.o)
                              /usr/lib/gcc/arm-none-eabi/13.2.1/../../../arm-none-eabi/lib/thumb/v6-m/nofp/crt0.o (__libc_init_array)
/usr/lib/gcc/arm-none-eabi/13.2.1/../../../arm-none-eabi/lib/thumb/v6-m/nofp/libg.a(libc_a-reallocr.o)
                              /usr/lib/gcc/arm-none-eabi/13.2.1/../../../arm-none-eabi/lib/thumb/v6-m/nofp/libg.a(libc_a-realloc.o) (_realloc_r)
/usr/lib/gcc/arm-none-eabi/13.2.1/../../../arm-none-eabi/lib/thumb/v6-m/nofp/libg.a(libc_a-mktime.o)
                              CMakeFiles/my_blink.dir/home/ubuntu-rbe-200x/pico/pico-sdk/src/common/pico_util/datetime.c.o (mktime)
/usr/lib/gcc/arm-none-eabi/13.2.1/../../../arm-none-eabi/lib/thumb/v6-m/nofp/libg.a(libc_a-mlock.o)
                              /usr/lib/gcc/arm-none-eabi/13.2.1/../../../arm-none-eabi/lib/thumb/v6-m/nofp/libg.a(libc_a-mallocr.o) (__malloc_lock)
/usr/lib/gcc/arm-none-eabi/13.2.1/../../../arm-none-eabi/lib/thumb/v6-m/nofp/libg.a(libc_a-findfp.o)
                              /usr/lib/gcc/arm-none-eabi/13.2.1/../../../arm-none-eabi/lib/thumb/v6-m/nofp/libg.a(libc_a-impure.o) (__sf)
/usr/lib/gcc/arm-none-eabi/13.2.1/../../../arm-none-eabi/lib/thumb/v6-m/nofp/libg.a(libc_a-tzlock.o)
                              /usr/lib/gcc/arm-none-eabi/13.2.1/../../../arm-none-eabi/lib/thumb/v6-m/nofp/libg.a(libc_a-mktime.o) (__tz_lock)
/usr/lib/gcc/arm-none-eabi/13.2.1/../../../arm-none-eabi/lib/thumb/v6-m/nofp/libg.a(libc_a-atexit.o)
                              /usr/lib/gcc/arm-none-eabi/13.2.1/../../../arm-none-eabi/lib/thumb/v6-m/nofp/crt0.o (atexit)
/usr/lib/gcc/arm-none-eabi/13.2.1/../../../arm-none-eabi/lib/thumb/v6-m/nofp/libg.a(libc_a-lcltime_r.o)
                              CMakeFiles/my_blink.dir/home/ubuntu-rbe-200x/pico/pico-sdk/src/common/pico_util/datetime.c.o (localtime_r)
/usr/lib/gcc/arm-none-eabi/13.2.1/../../../arm-none-eabi/lib/thumb/v6-m/nofp/libg.a(libc_a-strlen-stub.o)
[...]
Memory Configuration

Name             Origin             Length             Attributes
FLASH            0x10000000         0x00200000         xr
RAM              0x20000000         0x00040000         xrw
SCRATCH_X        0x20040000         0x00001000         xrw
SCRATCH_Y        0x20041000         0x00001000         xrw
*default*        0x00000000         0xffffffff

Linker script and memory map

LOAD /usr/lib/gcc/arm-none-eabi/13.2.1/thumb/v6-m/nofp/crti.o
LOAD /usr/lib/gcc/arm-none-eabi/13.2.1/thumb/v6-m/nofp/crtbegin.o
LOAD /usr/lib/gcc/arm-none-eabi/13.2.1/../../../arm-none-eabi/lib/thumb/v6-m/nofp/crt0.o

.flash_begin    0x10000000        0x0
                0x10000000                        __flash_binary_start = .

.boot2          0x10000000      0x100
                0x10000000                        __boot2_start__ = .
 *(.boot2)
 .boot2         0x10000000      0x100 pico-sdk/src/rp2040/boot_stage2/CMakeFiles/bs2_default_library.dir/bs2_default_padded_checksummed.S.o
                0x10000100                        __boot2_end__ = .
                0x00000001                        ASSERT (((__boot2_end__ - __boot2_start__) == 0x100), ERROR: Pico second stage bootloader must be 256 bytes in size)

.text           0x10000100     0x7f70
                0x10000100                        __logical_binary_start = .
 *(.vectors)
 .vectors       0x10000100       0xd4 CMakeFiles/my_blink.dir/home/ubuntu-rbe-200x/pico/pico-sdk/src/rp2_common/pico_crt0/crt0.S.o
                0x10000100                __vectors
                0x10000100                __VECTOR_TABLE
                0x100001c0                isr_invalid
                0x100001c0                __default_isrs_start
                0x100001c2                isr_nmi
                0x100001c4                isr_hardfault
                0x100001c6                isr_svcall
                0x100001c8                isr_pendsv
                0x100001ca                isr_systick
                0x100001cc                isr_irq30
                0x100001cc                __unhandled_user_irq
                0x100001cc                isr_irq13
                0x100001cc                isr_irq27
                0x100001cc                isr_irq31
                0x100001cc                isr_irq5
                0x100001cc                isr_irq11
                0x100001cc                isr_irq23
                0x100001cc                isr_irq18
                0x100001cc                isr_irq28
                0x100001cc                isr_irq19
                0x100001cc                isr_irq0
                0x100001cc                isr_irq6
                0x100001cc                isr_irq22
                0x100001cc                isr_irq17
                0x100001cc                isr_irq14
                0x100001cc                isr_irq2
                0x100001cc                isr_irq10
                0x100001cc                isr_irq8
                0x100001cc                isr_irq24
                0x100001cc                isr_irq1
                0x100001cc                isr_irq7
                0x100001cc                isr_irq21
                0x100001cc                isr_irq20
                0x100001cc                isr_irq15
                0x100001cc                isr_irq25
                0x100001cc                isr_irq4
                0x100001cc                isr_irq16
                0x100001cc                isr_irq29
                0x100001cc                isr_irq26
                0x100001cc                __default_isrs_end
                0x100001cc                isr_irq3
                0x100001cc                isr_irq12
                0x100001cc                isr_irq9
                0x100001d2                unhandled_user_irq_num_in_r0
 *(.binary_info_header)
 .binary_info_header
                0x100001d4       0x14 CMakeFiles/my_blink.dir/home/ubuntu-rbe-200x/pico/pico-sdk/src/rp2_common/pico_crt0/crt0.S.o
                0x100001e8                        __binary_info_header_end = .
 *(.embedded_block)
                0x100001e8                        __embedded_block_end = .
 *(.reset)
 .reset         0x100001e8       0x9c CMakeFiles/my_blink.dir/home/ubuntu-rbe-200x/pico/pico-sdk/src/rp2_common/pico_crt0/crt0.S.o
                0x100001e8                _entry_point
 *(.init)
 .init          0x10000284        0x4 /usr/lib/gcc/arm-none-eabi/13.2.1/thumb/v6-m/nofp/crti.o
                0x10000284                _init
 *(EXCLUDE_FILE(*libm.a: *libc.a:*lib_a-mem*.o *libgcc.a:) .text*)
 .text          0x10000288       0x98 /usr/lib/gcc/arm-none-eabi/13.2.1/thumb/v6-m/nofp/crtbegin.o
 .text.startup.main
                0x10000320       0x40 CMakeFiles/my_blink.dir/my_blink.c.o
                0x10000320                main
 .text.gpio_set_function
                0x10000360       0x34 CMakeFiles/my_blink.dir/home/ubuntu-rbe-200x/pico/pico-sdk/src/rp2_common/hardware_gpio/gpio.c.o
                0x10000360                gpio_set_function
 .text.gpio_set_pulls
                0x10000394       0x28 CMakeFiles/my_blink.dir/home/ubuntu-rbe-200x/pico/pico-sdk/src/rp2_common/hardware_gpio/gpio.c.o
                0x10000394                gpio_set_pulls
 .text.gpio_set_input_hysteresis_enabled
                0x100003bc       0x28 CMakeFiles/my_blink.dir/home/ubuntu-rbe-200x/pico/pico-sdk/src/rp2_common/hardware_gpio/gpio.c.o
                0x100003bc                gpio_set_input_hysteresis_enabled
 .text.gpio_set_irq_enabled
                0x100003e4       0x58 CMakeFiles/my_blink.dir/home/ubuntu-rbe-200x/pico/pico-sdk/src/rp2_common/hardware_gpio/gpio.c.o
                0x100003e4                gpio_set_irq_enabled
 .text.gpio_add_raw_irq_handler_with_order_priority_masked
                0x1000043c       0x44 CMakeFiles/my_blink.dir/home/ubuntu-rbe-200x/pico/pico-sdk/src/rp2_common/hardware_gpio/gpio.c.o
                0x1000043c                gpio_add_raw_irq_handler_with_order_priority_masked
 .text.gpio_remove_raw_irq_handler_masked
                0x10000480       0x20 CMakeFiles/my_blink.dir/home/ubuntu-rbe-200x/pico/pico-sdk/src/rp2_common/hardware_gpio/gpio.c.o
                0x10000480                gpio_remove_raw_irq_handler_masked
 .text.gpio_init
                0x100004a0       0x40 CMakeFiles/my_blink.dir/home/ubuntu-rbe-200x/pico/pico-sdk/src/rp2_common/hardware_gpio/gpio.c.o
                0x100004a0                gpio_init
 .text.panic    0x100004e0       0x30 CMakeFiles/my_blink.dir/home/ubuntu-rbe-200x/pico/pico-sdk/src/rp2_common/pico_platform_panic/panic.c.o
                0x100004e0                panic
 .text.hw_claim_lock
                0x10000510       0x18 CMakeFiles/my_blink.dir/home/ubuntu-rbe-200x/pico/pico-sdk/src/common/hardware_claim/claim.c.o
                0x10000510                hw_claim_lock
 .text.hw_claim_unlock
                0x10000528       0x14 CMakeFiles/my_blink.dir/home/ubuntu-rbe-200x/pico/pico-sdk/src/common/hardware_claim/claim.c.o
                0x10000528                hw_claim_unlock
 .text.hw_claim_or_assert
                0x1000053c       0x44 CMakeFiles/my_blink.dir/home/ubuntu-rbe-200x/pico/pico-sdk/src/common/hardware_claim/claim.c.o
                0x1000053c                hw_claim_or_assert
 .text.hw_claim_unused_from_range
                0x10000580       0x9c CMakeFiles/my_blink.dir/home/ubuntu-rbe-200x/pico/pico-sdk/src/common/hardware_claim/claim.c.o
                0x10000580                hw_claim_unused_from_range
 .text.hw_claim_clear
                0x1000061c       0x38 CMakeFiles/my_blink.dir/home/ubuntu-rbe-200x/pico/pico-sdk/src/common/hardware_claim/claim.c.o
                0x1000061c                hw_claim_clear
 .text.next_striped_spin_lock_num
                0x10000654       0x18 CMakeFiles/my_blink.dir/home/ubuntu-rbe-200x/pico/pico-sdk/src/rp2_common/hardware_sync/sync.c.o
                0x10000654                next_striped_spin_lock_num
 .text.spin_locks_reset
                0x1000066c       0x1c CMakeFiles/my_blink.dir/home/ubuntu-rbe-200x/pico/pico-sdk/src/rp2_common/hardware_sync_spin_lock/sync_spin_lock.c.o
                0x1000066c                spin_locks_reset
 .text.runtime_init_per_core_irq_priorities
                0x10000688       0x24 CMakeFiles/my_blink.dir/home/ubuntu-rbe-200x/pico/pico-sdk/src/rp2_common/hardware_irq/irq.c.o
                0x10000688                runtime_init_per_core_irq_priorities
 .text.irq_set_enabled
                0x100006ac       0x24 CMakeFiles/my_blink.dir/home/ubuntu-rbe-200x/pico/pico-sdk/src/rp2_common/hardware_irq/irq.c.o
                0x100006ac                irq_set_enabled
 .text.irq_set_pending
                0x100006d0       0x10 CMakeFiles/my_blink.dir/home/ubuntu-rbe-200x/pico/pico-sdk/src/rp2_common/hardware_irq/irq.c.o
                0x100006d0                irq_set_pending
 .text.irq_set_exclusive_handler
                0x100006e0       0x54 CMakeFiles/my_blink.dir/home/ubuntu-rbe-200x/pico/pico-sdk/src/rp2_common/hardware_irq/irq.c.o
                0x100006e0                irq_set_exclusive_handler
 .text.irq_add_shared_handler
                0x10000734      0x1f4 CMakeFiles/my_blink.dir/home/ubuntu-rbe-200x/pico/pico-sdk/src/rp2_common/hardware_irq/irq.c.o
                0x10000734                irq_add_shared_handler
 .text.irq_remove_handler
                0x10000928      0x1d4 CMakeFiles/my_blink.dir/home/ubuntu-rbe-200x/pico/pico-sdk/src/rp2_common/hardware_irq/irq.c.o
                0x10000928                irq_remove_handler
 .text.irq_set_priority
                0x10000afc       0x28 CMakeFiles/my_blink.dir/home/ubuntu-rbe-200x/pico/pico-sdk/src/rp2_common/hardware_irq/irq.c.o
                0x10000afc                irq_set_priority
 .text.irq_add_tail_to_free_list
                0x10000b24       0xb4 CMakeFiles/my_blink.dir/home/ubuntu-rbe-200x/pico/pico-sdk/src/rp2_common/hardware_irq/irq.c.o
                0x10000b24                irq_add_tail_to_free_list
 .text.user_irq_unclaim
                0x10000bd8       0x14 CMakeFiles/my_blink.dir/home/ubuntu-rbe-200x/pico/pico-sdk/src/rp2_common/hardware_irq/irq.c.o
                0x10000bd8                user_irq_unclaim
 .text.user_irq_claim_unused
                0x10000bec       0x2c CMakeFiles/my_blink.dir/home/ubuntu-rbe-200x/pico/pico-sdk/src/rp2_common/hardware_irq/irq.c.o
                0x10000bec                user_irq_claim_unused
 .text.sem_init
                0x10000c18       0x20 CMakeFiles/my_blink.dir/home/ubuntu-rbe-200x/pico/pico-sdk/src/common/pico_sync/sem.c.o
                0x10000c18                sem_init
 .text.lock_init
                0x10000c38       0x10 CMakeFiles/my_blink.dir/home/ubuntu-rbe-200x/pico/pico-sdk/src/common/pico_sync/lock_core.c.o
                0x10000c38                lock_init
 .text.runtime_init_mutex
                0x10000c48       0x50 CMakeFiles/my_blink.dir/home/ubuntu-rbe-200x/pico/pico-sdk/src/common/pico_sync/mutex.c.o
                0x10000c48                runtime_init_mutex
 .text.recursive_mutex_init
                0x10000c98       0x1c CMakeFiles/my_blink.dir/home/ubuntu-rbe-200x/pico/pico-sdk/src/common/pico_sync/mutex.c.o
                0x10000c98                recursive_mutex_init
 .text.sleep_until_callback
                0x10000cb4       0x30 CMakeFiles/my_blink.dir/home/ubuntu-rbe-200x/pico/pico-sdk/src/common/pico_time/time.c.o
 .text.alarm_pool_irq_handler
                0x10000ce4      0x2fc CMakeFiles/my_blink.dir/home/ubuntu-rbe-200x/pico/pico-sdk/src/common/pico_time/time.c.o
 .text.runtime_init_default_alarm_pool
                0x10000fe0       0xdc CMakeFiles/my_blink.dir/home/ubuntu-rbe-200x/pico/pico-sdk/src/common/pico_time/time.c.o
                0x10000fe0                runtime_init_default_alarm_pool
 .text.alarm_pool_get_default
                0x100010bc        0x8 CMakeFiles/my_blink.dir/home/ubuntu-rbe-200x/pico/pico-sdk/src/common/pico_time/time.c.o
                0x100010bc                alarm_pool_get_default
 .text.alarm_pool_add_alarm_at
                0x100010c4       0xd4 CMakeFiles/my_blink.dir/home/ubuntu-rbe-200x/pico/pico-sdk/src/common/pico_time/time.c.o
                0x100010c4                alarm_pool_add_alarm_at
 .text.alarm_pool_add_alarm_at_force_in_context
                0x10001198       0xb0 CMakeFiles/my_blink.dir/home/ubuntu-rbe-200x/pico/pico-sdk/src/common/pico_time/time.c.o
                0x10001198                alarm_pool_add_alarm_at_force_in_context
 .text.alarm_pool_cancel_alarm
                0x10001248       0x74 CMakeFiles/my_blink.dir/home/ubuntu-rbe-200x/pico/pico-sdk/src/common/pico_time/time.c.o
                0x10001248                alarm_pool_cancel_alarm
 .text.sleep_until
                0x100012bc       0xd8 CMakeFiles/my_blink.dir/home/ubuntu-rbe-200x/pico/pico-sdk/src/common/pico_time/time.c.o
                0x100012bc                sleep_until
 .text.sleep_ms
                0x10001394       0x38 CMakeFiles/my_blink.dir/home/ubuntu-rbe-200x/pico/pico-sdk/src/common/pico_time/time.c.o
                0x10001394                sleep_ms
 .text.best_effort_wfe_or_timeout
                0x100013cc       0xe0 CMakeFiles/my_blink.dir/home/ubuntu-rbe-200x/pico/pico-sdk/src/common/pico_time/time.c.o
                0x100013cc                best_effort_wfe_or_timeout
 .text.timer_hardware_alarm_claim
                0x100014ac       0x14 CMakeFiles/my_blink.dir/home/ubuntu-rbe-200x/pico/pico-sdk/src/rp2_common/hardware_timer/timer.c.o
                0x100014ac                timer_hardware_alarm_claim
 .text.timer_time_us_64
                0x100014c0       0x10 CMakeFiles/my_blink.dir/home/ubuntu-rbe-200x/pico/pico-sdk/src/rp2_common/hardware_timer/timer.c.o
                0x100014c0                timer_time_us_64
 .text.time_us_64
                0x100014d0       0x14 CMakeFiles/my_blink.dir/home/ubuntu-rbe-200x/pico/pico-sdk/src/rp2_common/hardware_timer/timer.c.o
                0x100014d0                time_us_64
 .text.busy_wait_us
                0x100014e4       0x68 CMakeFiles/my_blink.dir/home/ubuntu-rbe-200x/pico/pico-sdk/src/rp2_common/hardware_timer/timer.c.o
                0x100014e4                busy_wait_us
 .text.busy_wait_until
                0x1000154c       0x20 CMakeFiles/my_blink.dir/home/ubuntu-rbe-200x/pico/pico-sdk/src/rp2_common/hardware_timer/timer.c.o
                0x1000154c                busy_wait_until
 .text.uart_init
                0x1000156c      0x120 CMakeFiles/my_blink.dir/home/ubuntu-rbe-200x/pico/pico-sdk/src/rp2_common/hardware_uart/uart.c.o
                0x1000156c                uart_init
 .text.clock_configure_int_divider
                0x1000168c       0xf4 CMakeFiles/my_blink.dir/home/ubuntu-rbe-200x/pico/pico-sdk/src/rp2_common/hardware_clocks/clocks.c.o
                0x1000168c                clock_configure_int_divider
 .text.clock_configure_undivided
                0x10001780       0xe8 CMakeFiles/my_blink.dir/home/ubuntu-rbe-200x/pico/pico-sdk/src/rp2_common/hardware_clocks/clocks.c.o
                0x10001780                clock_configure_undivided
 .text.clock_get_hz
                0x10001868        0xc CMakeFiles/my_blink.dir/home/ubuntu-rbe-200x/pico/pico-sdk/src/rp2_common/hardware_clocks/clocks.c.o
                0x10001868                clock_get_hz
 .text.pll_init
                0x10001874       0xa4 CMakeFiles/my_blink.dir/home/ubuntu-rbe-200x/pico/pico-sdk/src/rp2_common/hardware_pll/pll.c.o
                0x10001874                pll_init
 .text.tick_start
                0x10001918       0x10 CMakeFiles/my_blink.dir/home/ubuntu-rbe-200x/pico/pico-sdk/src/rp2_common/hardware_ticks/ticks.c.o
                0x10001918                tick_start
 .text.rom_func_lookup
                0x10001928       0x10 CMakeFiles/my_blink.dir/home/ubuntu-rbe-200x/pico/pico-sdk/src/rp2_common/pico_bootrom/bootrom.c.o
                0x10001928                rom_func_lookup
 .text.rom_data_lookup
                0x10001938       0x10 CMakeFiles/my_blink.dir/home/ubuntu-rbe-200x/pico/pico-sdk/src/rp2_common/pico_bootrom/bootrom.c.o
                0x10001938                rom_data_lookup
 .text.rom_funcs_lookup
                0x10001948       0x44 CMakeFiles/my_blink.dir/home/ubuntu-rbe-200x/pico/pico-sdk/src/rp2_common/pico_bootrom/bootrom.c.o
                0x10001948                rom_funcs_lookup
 .text.xosc_init
                0x1000198c       0x28 CMakeFiles/my_blink.dir/home/ubuntu-rbe-200x/pico/pico-sdk/src/rp2_common/hardware_xosc/xosc.c.o
                0x1000198c                xosc_init
 .text.first_per_core_initializer
                0x100019b4        0x4 CMakeFiles/my_blink.dir/home/ubuntu-rbe-200x/pico/pico-sdk/src/rp2_common/pico_runtime/runtime.c.o
 .text.hard_assertion_failure
                0x100019b8        0xc CMakeFiles/my_blink.dir/home/ubuntu-rbe-200x/pico/pico-sdk/src/rp2_common/pico_runtime/runtime.c.o
                0x100019b8                hard_assertion_failure
 .text.runtime_run_initializers
                0x100019c4       0x28 CMakeFiles/my_blink.dir/home/ubuntu-rbe-200x/pico/pico-sdk/src/rp2_common/pico_runtime/runtime.c.o
                0x100019c4                runtime_run_initializers
 .text.runtime_init_early_resets
                0x100019ec       0x2c CMakeFiles/my_blink.dir/home/ubuntu-rbe-200x/pico/pico-sdk/src/rp2_common/pico_runtime_init/runtime_init.c.o
                0x100019ec                runtime_init_early_resets
 .text.runtime_init_usb_power_down
                0x10001a18       0x1c CMakeFiles/my_blink.dir/home/ubuntu-rbe-200x/pico/pico-sdk/src/rp2_common/pico_runtime_init/runtime_init.c.o
                0x10001a18                runtime_init_usb_power_down
 .text.runtime_init_post_clock_resets
                0x10001a34       0x20 CMakeFiles/my_blink.dir/home/ubuntu-rbe-200x/pico/pico-sdk/src/rp2_common/pico_runtime_init/runtime_init.c.o
                0x10001a34                runtime_init_post_clock_resets
 .text.runtime_init_rp2040_gpio_ie_disable
                0x10001a54       0x14 CMakeFiles/my_blink.dir/home/ubuntu-rbe-200x/pico/pico-sdk/src/rp2_common/pico_runtime_init/runtime_init.c.o
                0x10001a54                runtime_init_rp2040_gpio_ie_disable
 .text.runtime_init_spin_locks_reset
                0x10001a68        0x8 CMakeFiles/my_blink.dir/home/ubuntu-rbe-200x/pico/pico-sdk/src/rp2_common/pico_runtime_init/runtime_init.c.o
                0x10001a68                runtime_init_spin_locks_reset
 .text.runtime_init_install_ram_vector_table
                0x10001a70       0x1c CMakeFiles/my_blink.dir/home/ubuntu-rbe-200x/pico/pico-sdk/src/rp2_common/pico_runtime_init/runtime_init.c.o
                0x10001a70                runtime_init_install_ram_vector_table
 .text.runtime_init_clocks
                0x10001a8c       0xd8 CMakeFiles/my_blink.dir/home/ubuntu-rbe-200x/pico/pico-sdk/src/rp2_common/pico_runtime_init/runtime_init_clocks.c.o
                0x10001a8c                runtime_init_clocks
 .text          0x10001b64       0x10 CMakeFiles/my_blink.dir/home/ubuntu-rbe-200x/pico/pico-sdk/src/rp2_common/pico_bit_ops/bit_ops_aeabi.S.o
 .text.ctzsi    0x10001b74        0xc CMakeFiles/my_blink.dir/home/ubuntu-rbe-200x/pico/pico-sdk/src/rp2_common/pico_bit_ops/bit_ops_aeabi.S.o
                0x10001b74                __wrap___ctzsi2
 .text.__wrap___aeabi_idiv
                0x10001b80       0x50 CMakeFiles/my_blink.dir/home/ubuntu-rbe-200x/pico/pico-sdk/src/rp2_common/pico_divider/divider_hardware.S.o
                0x10001b80                __wrap___aeabi_idivmod
                0x10001b80                divmod_s32s32
                0x10001b80                div_s32s32
                0x10001b80                __wrap___aeabi_idiv
                0x10001b88                divmod_s32s32_unsafe
                0x10001bb4                divmod_s32s32_savestate
 .text.__wrap___aeabi_uidiv
                0x10001bd0       0x4c CMakeFiles/my_blink.dir/home/ubuntu-rbe-200x/pico/pico-sdk/src/rp2_common/pico_divider/divider_hardware.S.o
                0x10001bd0                __wrap___aeabi_uidiv
                0x10001bd0                __wrap___aeabi_uidivmod
                0x10001bd0                div_u32u32
                0x10001bd0                divmod_u32u32
                0x10001bd8                divmod_u32u32_unsafe
                0x10001c00                divmod_u32u32_savestate
 .text.__wrap___aeabi_ldiv
                0x10001c1c      0x424 CMakeFiles/my_blink.dir/home/ubuntu-rbe-200x/pico/pico-sdk/src/rp2_common/pico_divider/divider_hardware.S.o
                0x10001c1c                div_s64s64
                0x10001c1c                divmod_s64s64
                0x10001c1c                __wrap___aeabi_ldivmod
                0x10001c4c                div_u64u64
                0x10001c4c                divmod_u64u64
                0x10001c4c                __wrap___aeabi_uldivmod
                0x10001c5c                divmod_u64u64_savestate
                0x10001c7c                divmod_s64s64_unsafe
                0x10001d04                divmod_u64u64_unsafe
 .text.__wrap___aeabi_darithmetic
                0x10002040       0x60 CMakeFiles/my_blink.dir/home/ubuntu-rbe-200x/pico/pico-sdk/src/rp2_common/pico_double/double_aeabi_rp2040.S.o
                0x10002040                __wrap___aeabi_drsub
                0x10002046                __wrap___aeabi_dsub
                0x10002050                __wrap___aeabi_dadd
                0x1000205a                __wrap___aeabi_ddiv
                0x1000208e                __wrap___aeabi_dmul
 .text.__wrap___aeabi_cdcmple
                0x100020a0       0x6c CMakeFiles/my_blink.dir/home/ubuntu-rbe-200x/pico/pico-sdk/src/rp2_common/pico_double/double_aeabi_rp2040.S.o
                0x100020a0                __wrap___aeabi_cdrcmple
                0x100020b0                __wrap___aeabi_cdcmple
                0x100020b0                __wrap___aeabi_cdcmpeq
 .text.__wrap___aeabi_dcmplt
                0x1000210c        0xc CMakeFiles/my_blink.dir/home/ubuntu-rbe-200x/pico/pico-sdk/src/rp2_common/pico_double/double_aeabi_rp2040.S.o
                0x1000210c                __wrap___aeabi_dcmplt
 .text.__wrap___aeabi_dcmpge
                0x10002118       0x10 CMakeFiles/my_blink.dir/home/ubuntu-rbe-200x/pico/pico-sdk/src/rp2_common/pico_double/double_aeabi_rp2040.S.o
                0x10002118                __wrap___aeabi_dcmpge
 .text.__wrap___aeabi_dcmpgt
                0x10002128        0xa CMakeFiles/my_blink.dir/home/ubuntu-rbe-200x/pico/pico-sdk/src/rp2_common/pico_double/double_aeabi_rp2040.S.o
                0x10002128                __wrap___aeabi_dcmpgt
 .text.__wrap___aeabi_dcmpun
                0x10002132       0x18 CMakeFiles/my_blink.dir/home/ubuntu-rbe-200x/pico/pico-sdk/src/rp2_common/pico_double/double_aeabi_rp2040.S.o
                0x10002132                __wrap___aeabi_dcmpun
 *fill*         0x1000214a        0x2 
 .text.__wrap___aeabi_i2d
                0x1000214c       0x38 CMakeFiles/my_blink.dir/home/ubuntu-rbe-200x/pico/pico-sdk/src/rp2_common/pico_double/double_aeabi_rp2040.S.o
                0x1000214c                __wrap___aeabi_ui2d
                0x10002154                __wrap___aeabi_i2d
 .text.__wrap___aeabi_d2iz
                0x10002184       0x48 CMakeFiles/my_blink.dir/home/ubuntu-rbe-200x/pico/pico-sdk/src/rp2_common/pico_double/double_aeabi_rp2040.S.o
                0x10002184                __wrap___aeabi_d2iz
                0x10002184                double2int_z
 .text.__wrap___aeabi_d2uiz
                0x100021cc       0x10 CMakeFiles/my_blink.dir/home/ubuntu-rbe-200x/pico/pico-sdk/src/rp2_common/pico_double/double_aeabi_rp2040.S.o
                0x100021cc                double2uint
                0x100021cc                __wrap___aeabi_d2uiz
 .text.missing_double_func_shim
                0x100021dc        0xc CMakeFiles/my_blink.dir/home/ubuntu-rbe-200x/pico/pico-sdk/src/rp2_common/pico_double/double_init_rom_rp2040.c.o
 .text.__aeabi_double_init
                0x100021e8       0xa0 CMakeFiles/my_blink.dir/home/ubuntu-rbe-200x/pico/pico-sdk/src/rp2_common/pico_double/double_init_rom_rp2040.c.o
                0x100021e8                __aeabi_double_init
 .text.double_table_shim_on_use_helper
                0x10002288       0x2c CMakeFiles/my_blink.dir/home/ubuntu-rbe-200x/pico/pico-sdk/src/rp2_common/pico_double/double_v1_rom_shim_rp2040.S.o
                0x10002288                double_table_shim_on_use_helper
 .text.__aeabi_lmul
                0x100022b4       0x32 CMakeFiles/my_blink.dir/home/ubuntu-rbe-200x/pico/pico-sdk/src/rp2_common/pico_int64_ops/pico_int64_ops_aeabi.S.o
                0x100022b4                __wrap___aeabi_lmul
 *fill*         0x100022e6        0x2 
 .text.missing_float_func_shim
                0x100022e8        0xc CMakeFiles/my_blink.dir/home/ubuntu-rbe-200x/pico/pico-sdk/src/rp2_common/pico_float/float_init_rom_rp2040.c.o
 .text.__aeabi_float_init
                0x100022f4       0x5c CMakeFiles/my_blink.dir/home/ubuntu-rbe-200x/pico/pico-sdk/src/rp2_common/pico_float/float_init_rom_rp2040.c.o
                0x100022f4                __aeabi_float_init
 .text          0x10002350       0x10 CMakeFiles/my_blink.dir/home/ubuntu-rbe-200x/pico/pico-sdk/src/rp2_common/pico_mem_ops/mem_ops_aeabi.S.o
                0x10002350                __aeabi_mem_init
 .text.memset   0x10002360        0xc CMakeFiles/my_blink.dir/home/ubuntu-rbe-200x/pico/pico-sdk/src/rp2_common/pico_mem_ops/mem_ops_aeabi.S.o
                0x10002360                __wrap_memset
 .text.memcpy   0x1000236c        0xc CMakeFiles/my_blink.dir/home/ubuntu-rbe-200x/pico/pico-sdk/src/rp2_common/pico_mem_ops/mem_ops_aeabi.S.o
                0x1000236c                __wrap___aeabi_memcpy
                0x1000236c                __wrap_memcpy
 .text._out_null
                0x10002378        0x4 CMakeFiles/my_blink.dir/home/ubuntu-rbe-200x/pico/pico-sdk/src/rp2_common/pico_printf/printf.c.o
 .text._out_rev
                0x1000237c       0xac CMakeFiles/my_blink.dir/home/ubuntu-rbe-200x/pico/pico-sdk/src/rp2_common/pico_printf/printf.c.o
 .text._ntoa_format
                0x10002428      0x250 CMakeFiles/my_blink.dir/home/ubuntu-rbe-200x/pico/pico-sdk/src/rp2_common/pico_printf/printf.c.o
 .text._out_char
                0x10002678       0x10 CMakeFiles/my_blink.dir/home/ubuntu-rbe-200x/pico/pico-sdk/src/rp2_common/pico_printf/printf.c.o
 .text._out_fct
                0x10002688       0x10 CMakeFiles/my_blink.dir/home/ubuntu-rbe-200x/pico/pico-sdk/src/rp2_common/pico_printf/printf.c.o
 .text._etoa    0x10002698      0x464 CMakeFiles/my_blink.dir/home/ubuntu-rbe-200x/pico/pico-sdk/src/rp2_common/pico_printf/printf.c.o
 .text._ftoa    0x10002afc      0x3c0 CMakeFiles/my_blink.dir/home/ubuntu-rbe-200x/pico/pico-sdk/src/rp2_common/pico_printf/printf.c.o
 .text._vsnprintf
                0x10002ebc      0xbc8 CMakeFiles/my_blink.dir/home/ubuntu-rbe-200x/pico/pico-sdk/src/rp2_common/pico_printf/printf.c.o
 .text.vfctprintf
                0x10003a84       0x20 CMakeFiles/my_blink.dir/home/ubuntu-rbe-200x/pico/pico-sdk/src/rp2_common/pico_printf/printf.c.o
                0x10003a84                vfctprintf
 .text.weak_raw_vprintf
                0x10003aa4       0x30 CMakeFiles/my_blink.dir/home/ubuntu-rbe-200x/pico/pico-sdk/src/rp2_common/pico_printf/printf.c.o
                0x10003aa4                weak_raw_vprintf
 .text._exit    0x10003ad4        0x4 CMakeFiles/my_blink.dir/home/ubuntu-rbe-200x/pico/pico-sdk/src/rp2_common/pico_clib_interface/newlib_interface.c.o
                0x10003ad4                _exit
 .text.exit     0x10003ad8        0x8 CMakeFiles/my_blink.dir/home/ubuntu-rbe-200x/pico/pico-sdk/src/rp2_common/pico_clib_interface/newlib_interface.c.o
                0x10003ad8                exit
 .text.runtime_init
                0x10003ae0       0x2c CMakeFiles/my_blink.dir/home/ubuntu-rbe-200x/pico/pico-sdk/src/rp2_common/pico_clib_interface/newlib_interface.c.o
                0x10003ae0                runtime_init
 .text.stdio_out_chars_no_crlf
                0x10003b0c       0x10 CMakeFiles/my_blink.dir/home/ubuntu-rbe-200x/pico/pico-sdk/src/rp2_common/pico_stdio/stdio.c.o
 .text.stdio_out_chars_crlf
                0x10003b1c       0x94 CMakeFiles/my_blink.dir/home/ubuntu-rbe-200x/pico/pico-sdk/src/rp2_common/pico_stdio/stdio.c.o
 .text.stdio_buffered_printer
                0x10003bb0       0x64 CMakeFiles/my_blink.dir/home/ubuntu-rbe-200x/pico/pico-sdk/src/rp2_common/pico_stdio/stdio.c.o
 .text.stdio_put_string
                0x10003c14      0x100 CMakeFiles/my_blink.dir/home/ubuntu-rbe-200x/pico/pico-sdk/src/rp2_common/pico_stdio/stdio.c.o
                0x10003c14                stdio_put_string
 .text.stdio_set_driver_enabled
                0x10003d14       0x30 CMakeFiles/my_blink.dir/home/ubuntu-rbe-200x/pico/pico-sdk/src/rp2_common/pico_stdio/stdio.c.o
                0x10003d14                stdio_set_driver_enabled
 .text.stdio_init_all
                0x10003d44        0xc CMakeFiles/my_blink.dir/home/ubuntu-rbe-200x/pico/pico-sdk/src/rp2_common/pico_stdio/stdio.c.o
                0x10003d44                stdio_init_all
 .text.__wrap_putchar
                0x10003d50       0x98 CMakeFiles/my_blink.dir/home/ubuntu-rbe-200x/pico/pico-sdk/src/rp2_common/pico_stdio/stdio.c.o
                0x10003d50                stdio_putchar
                0x10003d50                __wrap_putchar
 .text.__wrap_puts
                0x10003de8       0x3c CMakeFiles/my_blink.dir/home/ubuntu-rbe-200x/pico/pico-sdk/src/rp2_common/pico_stdio/stdio.c.o
                0x10003de8                __wrap_puts
                0x10003de8                stdio_puts
 .text.__wrap_vprintf
                0x10003e24       0xd4 CMakeFiles/my_blink.dir/home/ubuntu-rbe-200x/pico/pico-sdk/src/rp2_common/pico_stdio/stdio.c.o
                0x10003e24                __wrap_vprintf
                0x10003e24                stdio_vprintf
 .text.__wrap_printf
                0x10003ef8       0x18 CMakeFiles/my_blink.dir/home/ubuntu-rbe-200x/pico/pico-sdk/src/rp2_common/pico_stdio/stdio.c.o
                0x10003ef8                stdio_printf
                0x10003ef8                __wrap_printf
 .text.stdio_uart_out_chars
                0x10003f10       0x4c CMakeFiles/my_blink.dir/home/ubuntu-rbe-200x/pico/pico-sdk/src/rp2_common/pico_stdio_uart/stdio_uart.c.o
 .text.stdio_uart_in_chars
                0x10003f5c       0x90 CMakeFiles/my_blink.dir/home/ubuntu-rbe-200x/pico/pico-sdk/src/rp2_common/pico_stdio_uart/stdio_uart.c.o
                0x10003f5c                stdio_uart_in_chars
 .text.on_uart_rx
                0x10003fec       0x28 CMakeFiles/my_blink.dir/home/ubuntu-rbe-200x/pico/pico-sdk/src/rp2_common/pico_stdio_uart/stdio_uart.c.o
 .text.stdio_uart_out_flush
                0x10004014       0x14 CMakeFiles/my_blink.dir/home/ubuntu-rbe-200x/pico/pico-sdk/src/rp2_common/pico_stdio_uart/stdio_uart.c.o
 .text.stdio_uart_set_chars_available_callback
                0x10004028       0x84 CMakeFiles/my_blink.dir/home/ubuntu-rbe-200x/pico/pico-sdk/src/rp2_common/pico_stdio_uart/stdio_uart.c.o
 .text.stdio_uart_init
                0x100040ac       0x50 CMakeFiles/my_blink.dir/home/ubuntu-rbe-200x/pico/pico-sdk/src/rp2_common/pico_stdio_uart/stdio_uart.c.o
                0x100040ac                stdio_uart_init
 .text.cyw43_arch_set_async_context
                0x100040fc        0xc CMakeFiles/my_blink.dir/home/ubuntu-rbe-200x/pico/pico-sdk/src/rp2_common/pico_cyw43_arch/cyw43_arch.c.o
                0x100040fc                cyw43_arch_set_async_context
 .text.cyw43_arch_gpio_put
                0x10004108       0x14 CMakeFiles/my_blink.dir/home/ubuntu-rbe-200x/pico/pico-sdk/src/rp2_common/pico_cyw43_arch/cyw43_arch.c.o
                0x10004108                cyw43_arch_gpio_put
 .text.cyw43_arch_async_context
                0x1000411c        0xc CMakeFiles/my_blink.dir/home/ubuntu-rbe-200x/pico/pico-sdk/src/rp2_common/pico_cyw43_arch/cyw43_arch.c.o
                0x1000411c                cyw43_arch_async_context
 .text.cyw43_arch_init
                0x10004128       0x64 CMakeFiles/my_blink.dir/home/ubuntu-rbe-200x/pico/pico-sdk/src/rp2_common/pico_cyw43_arch/cyw43_arch_threadsafe_background.c.o
                0x10004128                cyw43_arch_init
 .text.startup._retrieve_unique_id_on_boot
                0x1000418c       0x10 CMakeFiles/my_blink.dir/home/ubuntu-rbe-200x/pico/pico-sdk/src/rp2_common/pico_unique_id/unique_id.c.o
 .text.pico_get_unique_board_id
                0x1000419c       0x10 CMakeFiles/my_blink.dir/home/ubuntu-rbe-200x/pico/pico-sdk/src/rp2_common/pico_unique_id/unique_id.c.o
                0x1000419c                pico_get_unique_board_id
 .text.flash_get_unique_id
                0x100041ac       0x3c CMakeFiles/my_blink.dir/home/ubuntu-rbe-200x/pico/pico-sdk/src/rp2_common/hardware_flash/flash.c.o
                0x100041ac                flash_get_unique_id
 .text.ns_delay.constprop.0
                0x100041e8       0x20 CMakeFiles/my_blink.dir/home/ubuntu-rbe-200x/pico/pico-sdk/src/rp2_common/pico_cyw43_driver/cyw43_bus_pio_spi.c.o
 .text.cyw43_spi_deinit
                0x10004208       0x6c CMakeFiles/my_blink.dir/home/ubuntu-rbe-200x/pico/pico-sdk/src/rp2_common/pico_cyw43_driver/cyw43_bus_pio_spi.c.o
                0x10004208                cyw43_spi_deinit
 .text.cyw43_spi_init
                0x10004274      0x128 CMakeFiles/my_blink.dir/home/ubuntu-rbe-200x/pico/pico-sdk/src/rp2_common/pico_cyw43_driver/cyw43_bus_pio_spi.c.o
                0x10004274                cyw43_spi_init
 .text.cyw43_spi_transfer
                0x1000439c      0x408 CMakeFiles/my_blink.dir/home/ubuntu-rbe-200x/pico/pico-sdk/src/rp2_common/pico_cyw43_driver/cyw43_bus_pio_spi.c.o
                0x1000439c                cyw43_spi_transfer
 .text.cyw43_spi_gpio_setup
                0x100047a4       0x3c CMakeFiles/my_blink.dir/home/ubuntu-rbe-200x/pico/pico-sdk/src/rp2_common/pico_cyw43_driver/cyw43_bus_pio_spi.c.o
                0x100047a4                cyw43_spi_gpio_setup
 .text.cyw43_spi_reset
                0x100047e0       0x28 CMakeFiles/my_blink.dir/home/ubuntu-rbe-200x/pico/pico-sdk/src/rp2_common/pico_cyw43_driver/cyw43_bus_pio_spi.c.o
                0x100047e0                cyw43_spi_reset
 .text.read_reg_u32_swap
                0x10004808       0x3c CMakeFiles/my_blink.dir/home/ubuntu-rbe-200x/pico/pico-sdk/src/rp2_common/pico_cyw43_driver/cyw43_bus_pio_spi.c.o
                0x10004808                read_reg_u32_swap
 .text.cyw43_read_reg_u32
                0x10004844       0x50 CMakeFiles/my_blink.dir/home/ubuntu-rbe-200x/pico/pico-sdk/src/rp2_common/pico_cyw43_driver/cyw43_bus_pio_spi.c.o
                0x10004844                cyw43_read_reg_u32
 .text.cyw43_read_reg_u16
                0x10004894       0x50 CMakeFiles/my_blink.dir/home/ubuntu-rbe-200x/pico/pico-sdk/src/rp2_common/pico_cyw43_driver/cyw43_bus_pio_spi.c.o
                0x10004894                cyw43_read_reg_u16
 .text.cyw43_read_reg_u8
                0x100048e4       0x50 CMakeFiles/my_blink.dir/home/ubuntu-rbe-200x/pico/pico-sdk/src/rp2_common/pico_cyw43_driver/cyw43_bus_pio_spi.c.o
                0x100048e4                cyw43_read_reg_u8
 .text.write_reg_u32_swap
                0x10004934      0x1fc CMakeFiles/my_blink.dir/home/ubuntu-rbe-200x/pico/pico-sdk/src/rp2_common/pico_cyw43_driver/cyw43_bus_pio_spi.c.o
                0x10004934                write_reg_u32_swap
 .text.cyw43_write_reg_u32
                0x10004b30      0x21c CMakeFiles/my_blink.dir/home/ubuntu-rbe-200x/pico/pico-sdk/src/rp2_common/pico_cyw43_driver/cyw43_bus_pio_spi.c.o
                0x10004b30                cyw43_write_reg_u32
 .text.cyw43_write_reg_u16
                0x10004d4c      0x21c CMakeFiles/my_blink.dir/home/ubuntu-rbe-200x/pico/pico-sdk/src/rp2_common/pico_cyw43_driver/cyw43_bus_pio_spi.c.o
                0x10004d4c                cyw43_write_reg_u16
 .text.cyw43_write_reg_u8
                0x10004f68      0x21c CMakeFiles/my_blink.dir/home/ubuntu-rbe-200x/pico/pico-sdk/src/rp2_common/pico_cyw43_driver/cyw43_bus_pio_spi.c.o
                0x10004f68                cyw43_write_reg_u8
 .text.cyw43_read_bytes
                0x10005184       0x78 CMakeFiles/my_blink.dir/home/ubuntu-rbe-200x/pico/pico-sdk/src/rp2_common/pico_cyw43_driver/cyw43_bus_pio_spi.c.o
                0x10005184                cyw43_read_bytes
 .text.cyw43_write_bytes
                0x100051fc       0xc0 CMakeFiles/my_blink.dir/home/ubuntu-rbe-200x/pico/pico-sdk/src/rp2_common/pico_cyw43_driver/cyw43_bus_pio_spi.c.o
                0x100051fc                cyw43_write_bytes
 .text.cyw43_set_backplane_window
                0x100052bc       0x68 CMakeFiles/my_blink.dir/home/ubuntu-rbe-200x/pico/pico-sdk/lib/cyw43-driver/src/cyw43_ll.c.o
 .text.cyw43_ll_parse_async_event
                0x10005324      0x134 CMakeFiles/my_blink.dir/home/ubuntu-rbe-200x/pico/pico-sdk/lib/cyw43-driver/src/cyw43_ll.c.o
 .text.cyw43_kso_set
                0x10005458       0x80 CMakeFiles/my_blink.dir/home/ubuntu-rbe-200x/pico/pico-sdk/lib/cyw43-driver/src/cyw43_ll.c.o
 .text.cyw43_ll_sdpcm_poll_device
                0x100054d8      0x238 CMakeFiles/my_blink.dir/home/ubuntu-rbe-200x/pico/pico-sdk/lib/cyw43-driver/src/cyw43_ll.c.o
 .text.cyw43_sdpcm_send_common
                0x10005710       0xfc CMakeFiles/my_blink.dir/home/ubuntu-rbe-200x/pico/pico-sdk/lib/cyw43-driver/src/cyw43_ll.c.o
 .text.cyw43_do_ioctl.part.0
                0x1000580c       0xc4 CMakeFiles/my_blink.dir/home/ubuntu-rbe-200x/pico/pico-sdk/lib/cyw43-driver/src/cyw43_ll.c.o
 .text.cyw43_download_resource
                0x100058d0       0xd0 CMakeFiles/my_blink.dir/home/ubuntu-rbe-200x/pico/pico-sdk/lib/cyw43-driver/src/cyw43_ll.c.o
 .text.cyw43_write_iovar_u32.constprop.0
                0x100059a0       0x98 CMakeFiles/my_blink.dir/home/ubuntu-rbe-200x/pico/pico-sdk/lib/cyw43-driver/src/cyw43_ll.c.o
 .text.cyw43_write_iovar_n
                0x10005a38       0x8c CMakeFiles/my_blink.dir/home/ubuntu-rbe-200x/pico/pico-sdk/lib/cyw43-driver/src/cyw43_ll.c.o
 .text.cyw43_read_backplane.constprop.0
                0x10005ac4       0xe4 CMakeFiles/my_blink.dir/home/ubuntu-rbe-200x/pico/pico-sdk/lib/cyw43-driver/src/cyw43_ll.c.o
 .text.cyw43_write_backplane
                0x10005ba8      0x10c CMakeFiles/my_blink.dir/home/ubuntu-rbe-200x/pico/pico-sdk/lib/cyw43-driver/src/cyw43_ll.c.o
 .text.reset_device_core.constprop.0
                0x10005cb4      0x410 CMakeFiles/my_blink.dir/home/ubuntu-rbe-200x/pico/pico-sdk/lib/cyw43-driver/src/cyw43_ll.c.o
 .text.cyw43_ll_init
                0x100060c4       0x1c CMakeFiles/my_blink.dir/home/ubuntu-rbe-200x/pico/pico-sdk/lib/cyw43-driver/src/cyw43_ll.c.o
                0x100060c4                cyw43_ll_init
 .text.cyw43_ll_deinit
                0x100060e0        0x8 CMakeFiles/my_blink.dir/home/ubuntu-rbe-200x/pico/pico-sdk/lib/cyw43-driver/src/cyw43_ll.c.o
                0x100060e0                cyw43_ll_deinit
 .text.cyw43_ll_process_packets
                0x100060e8       0x54 CMakeFiles/my_blink.dir/home/ubuntu-rbe-200x/pico/pico-sdk/lib/cyw43-driver/src/cyw43_ll.c.o
                0x100060e8                cyw43_ll_process_packets
 .text.cyw43_ll_ioctl
                0x1000613c       0x80 CMakeFiles/my_blink.dir/home/ubuntu-rbe-200x/pico/pico-sdk/lib/cyw43-driver/src/cyw43_ll.c.o
                0x1000613c                cyw43_ll_ioctl
 .text.cyw43_ll_bus_sleep
                0x100061bc       0x34 CMakeFiles/my_blink.dir/home/ubuntu-rbe-200x/pico/pico-sdk/lib/cyw43-driver/src/cyw43_ll.c.o
                0x100061bc                cyw43_ll_bus_sleep
 .text.cyw43_ll_wifi_get_mac
                0x100061f0       0x74 CMakeFiles/my_blink.dir/home/ubuntu-rbe-200x/pico/pico-sdk/lib/cyw43-driver/src/cyw43_ll.c.o
                0x100061f0                cyw43_ll_wifi_get_mac
 .text.cyw43_ll_bus_init
                0x10006264      0x920 CMakeFiles/my_blink.dir/home/ubuntu-rbe-200x/pico/pico-sdk/lib/cyw43-driver/src/cyw43_ll.c.o
                0x10006264                cyw43_ll_bus_init
 .text.cyw43_ll_wifi_set_wpa_auth
                0x10006b84       0x4c CMakeFiles/my_blink.dir/home/ubuntu-rbe-200x/pico/pico-sdk/lib/cyw43-driver/src/cyw43_ll.c.o
                0x10006b84                cyw43_ll_wifi_set_wpa_auth
 .text.cyw43_ll_wifi_rejoin
                0x10006bd0       0x58 CMakeFiles/my_blink.dir/home/ubuntu-rbe-200x/pico/pico-sdk/lib/cyw43-driver/src/cyw43_ll.c.o
                0x10006bd0                cyw43_ll_wifi_rejoin
 .text.cyw43_ll_gpio_set
                0x10006c28       0x94 CMakeFiles/my_blink.dir/home/ubuntu-rbe-200x/pico/pico-sdk/lib/cyw43-driver/src/cyw43_ll.c.o
                0x10006c28                cyw43_ll_gpio_set
 .text.cyw43_ll_has_work
                0x10006cbc       0x14 CMakeFiles/my_blink.dir/home/ubuntu-rbe-200x/pico/pico-sdk/lib/cyw43-driver/src/cyw43_ll.c.o
                0x10006cbc                cyw43_ll_has_work
 .text.cyw43_poll_func
                0x10006cd0       0xc0 CMakeFiles/my_blink.dir/home/ubuntu-rbe-200x/pico/pico-sdk/lib/cyw43-driver/src/cyw43_ctrl.c.o
 .text.cyw43_init
                0x10006d90       0x6c CMakeFiles/my_blink.dir/home/ubuntu-rbe-200x/pico/pico-sdk/lib/cyw43-driver/src/cyw43_ctrl.c.o
                0x10006d90                cyw43_init
 .text.cyw43_deinit
                0x10006dfc       0x90 CMakeFiles/my_blink.dir/home/ubuntu-rbe-200x/pico/pico-sdk/lib/cyw43-driver/src/cyw43_ctrl.c.o
                0x10006dfc                cyw43_deinit
 .text.cyw43_cb_read_host_interrupt_pin
                0x10006e8c        0xc CMakeFiles/my_blink.dir/home/ubuntu-rbe-200x/pico/pico-sdk/lib/cyw43-driver/src/cyw43_ctrl.c.o
                0x10006e8c                cyw43_cb_read_host_interrupt_pin
 .text.cyw43_cb_ensure_awake
                0x10006e98        0xc CMakeFiles/my_blink.dir/home/ubuntu-rbe-200x/pico/pico-sdk/lib/cyw43-driver/src/cyw43_ctrl.c.o
                0x10006e98                cyw43_cb_ensure_awake
 .text.cyw43_cb_process_async_event
                0x10006ea4      0x214 CMakeFiles/my_blink.dir/home/ubuntu-rbe-200x/pico/pico-sdk/lib/cyw43-driver/src/cyw43_ctrl.c.o
                0x10006ea4                cyw43_cb_process_async_event
 .text.cyw43_gpio_set
                0x100070b8       0xa0 CMakeFiles/my_blink.dir/home/ubuntu-rbe-200x/pico/pico-sdk/lib/cyw43-driver/src/cyw43_ctrl.c.o
                0x100070b8                cyw43_gpio_set
 .text.pio_sm_set_pindirs_with_mask64
                0x10007158       0xac CMakeFiles/my_blink.dir/home/ubuntu-rbe-200x/pico/pico-sdk/src/rp2_common/hardware_pio/pio.c.o
                0x10007158                pio_sm_set_pindirs_with_mask64
 .text.pio_sm_set_consecutive_pindirs
                0x10007204       0xb4 CMakeFiles/my_blink.dir/home/ubuntu-rbe-200x/pico/pico-sdk/src/rp2_common/hardware_pio/pio.c.o
                0x10007204                pio_sm_set_consecutive_pindirs
 .text.pio_claim_free_sm_and_add_program_for_gpio_range
                0x100072b8      0x18c CMakeFiles/my_blink.dir/home/ubuntu-rbe-200x/pico/pico-sdk/src/rp2_common/hardware_pio/pio.c.o
                0x100072b8                pio_claim_free_sm_and_add_program_for_gpio_range
 .text.pio_remove_program_and_unclaim_sm
                0x10007444       0x40 CMakeFiles/my_blink.dir/home/ubuntu-rbe-200x/pico/pico-sdk/src/rp2_common/hardware_pio/pio.c.o
                0x10007444                pio_remove_program_and_unclaim_sm
 .text.dma_channel_unclaim
                0x10007484       0x14 CMakeFiles/my_blink.dir/home/ubuntu-rbe-200x/pico/pico-sdk/src/rp2_common/hardware_dma/dma.c.o
                0x10007484                dma_channel_unclaim
 .text.dma_claim_unused_channel
                0x10007498       0x24 CMakeFiles/my_blink.dir/home/ubuntu-rbe-200x/pico/pico-sdk/src/rp2_common/hardware_dma/dma.c.o
                0x10007498                dma_claim_unused_channel
 .text.dma_channel_cleanup
                0x100074bc       0x64 CMakeFiles/my_blink.dir/home/ubuntu-rbe-200x/pico/pico-sdk/src/rp2_common/hardware_dma/dma.c.o
                0x100074bc                dma_channel_cleanup
 .text.cyw43_sleep_timeout_reached
                0x10007520       0x10 CMakeFiles/my_blink.dir/home/ubuntu-rbe-200x/pico/pico-sdk/src/rp2_common/pico_cyw43_driver/cyw43_driver.c.o
 .text.cyw43_irq_init
                0x10007530       0x28 CMakeFiles/my_blink.dir/home/ubuntu-rbe-200x/pico/pico-sdk/src/rp2_common/pico_cyw43_driver/cyw43_driver.c.o
                0x10007530                cyw43_irq_init
 .text.cyw43_irq_deinit
                0x10007558       0x20 CMakeFiles/my_blink.dir/home/ubuntu-rbe-200x/pico/pico-sdk/src/rp2_common/pico_cyw43_driver/cyw43_driver.c.o
                0x10007558                cyw43_irq_deinit
 .text.cyw43_gpio_irq_handler
                0x10007578       0x44 CMakeFiles/my_blink.dir/home/ubuntu-rbe-200x/pico/pico-sdk/src/rp2_common/pico_cyw43_driver/cyw43_driver.c.o
 .text.cyw43_do_poll
                0x100075bc       0x70 CMakeFiles/my_blink.dir/home/ubuntu-rbe-200x/pico/pico-sdk/src/rp2_common/pico_cyw43_driver/cyw43_driver.c.o
 .text.cyw43_post_poll_hook
                0x1000762c       0x10 CMakeFiles/my_blink.dir/home/ubuntu-rbe-200x/pico/pico-sdk/src/rp2_common/pico_cyw43_driver/cyw43_driver.c.o
                0x1000762c                cyw43_post_poll_hook
 .text.cyw43_schedule_internal_poll_dispatch
                0x1000763c       0x18 CMakeFiles/my_blink.dir/home/ubuntu-rbe-200x/pico/pico-sdk/src/rp2_common/pico_cyw43_driver/cyw43_driver.c.o
                0x1000763c                cyw43_schedule_internal_poll_dispatch
 .text.cyw43_driver_init
                0x10007654       0x38 CMakeFiles/my_blink.dir/home/ubuntu-rbe-200x/pico/pico-sdk/src/rp2_common/pico_cyw43_driver/cyw43_driver.c.o
                0x10007654                cyw43_driver_init
 .text.cyw43_driver_deinit
                0x1000768c       0x44 CMakeFiles/my_blink.dir/home/ubuntu-rbe-200x/pico/pico-sdk/src/rp2_common/pico_cyw43_driver/cyw43_driver.c.o
                0x1000768c                cyw43_driver_deinit
 .text.cyw43_hal_generate_laa_mac
                0x100076d0       0x28 CMakeFiles/my_blink.dir/home/ubuntu-rbe-200x/pico/pico-sdk/src/rp2_common/pico_cyw43_driver/cyw43_driver.c.o
                0x100076d0                cyw43_hal_generate_laa_mac
 .text.cyw43_thread_enter
                0x100076f8       0x14 CMakeFiles/my_blink.dir/home/ubuntu-rbe-200x/pico/pico-sdk/src/rp2_common/pico_cyw43_driver/cyw43_driver.c.o
                0x100076f8                cyw43_thread_enter
 .text.cyw43_thread_exit
                0x1000770c       0x14 CMakeFiles/my_blink.dir/home/ubuntu-rbe-200x/pico/pico-sdk/src/rp2_common/pico_cyw43_driver/cyw43_driver.c.o
                0x1000770c                cyw43_thread_exit
 .text.cyw43_await_background_or_timeout_us
                0x10007720       0x64 CMakeFiles/my_blink.dir/home/ubuntu-rbe-200x/pico/pico-sdk/src/rp2_common/pico_cyw43_driver/cyw43_driver.c.o
                0x10007720                cyw43_await_background_or_timeout_us
 .text.cyw43_delay_ms
                0x10007784       0x48 CMakeFiles/my_blink.dir/home/ubuntu-rbe-200x/pico/pico-sdk/src/rp2_common/pico_cyw43_driver/cyw43_driver.c.o
                0x10007784                cyw43_delay_ms
 .text.cyw43_cb_tcpip_deinit
                0x100077cc        0x4 CMakeFiles/my_blink.dir/home/ubuntu-rbe-200x/pico/pico-sdk/src/rp2_common/pico_cyw43_driver/cyw43_driver.c.o
                0x100077cc                cyw43_cb_tcpip_deinit
 .text.cyw43_cb_tcpip_set_link_up
                0x100077d0        0xc CMakeFiles/my_blink.dir/home/ubuntu-rbe-200x/pico/pico-sdk/src/rp2_common/pico_cyw43_driver/cyw43_driver.c.o
                0x100077d0                cyw43_cb_tcpip_set_link_up
 .text.cyw43_cb_tcpip_set_link_down
                0x100077dc        0xc CMakeFiles/my_blink.dir/home/ubuntu-rbe-200x/pico/pico-sdk/src/rp2_common/pico_cyw43_driver/cyw43_driver.c.o
                0x100077dc                cyw43_cb_tcpip_set_link_down
 .text.cyw43_cb_process_ethernet
                0x100077e8        0xc CMakeFiles/my_blink.dir/home/ubuntu-rbe-200x/pico/pico-sdk/src/rp2_common/pico_cyw43_driver/cyw43_driver.c.o
                0x100077e8                cyw43_cb_process_ethernet
 .text.async_context_threadsafe_background_acquire_lock_blocking
                0x100077f4        0xc CMakeFiles/my_blink.dir/home/ubuntu-rbe-200x/pico/pico-sdk/src/rp2_common/pico_async_context/async_context_threadsafe_background.c.o
 .text.alarm_handler
                0x10007800       0x20 CMakeFiles/my_blink.dir/home/ubuntu-rbe-200x/pico/pico-sdk/src/rp2_common/pico_async_context/async_context_threadsafe_background.c.o
 .text.async_context_threadsafe_background_set_work_pending
                0x10007820       0x1c CMakeFiles/my_blink.dir/home/ubuntu-rbe-200x/pico/pico-sdk/src/rp2_common/pico_async_context/async_context_threadsafe_background.c.o
 .text.process_under_lock
                0x1000783c       0xcc CMakeFiles/my_blink.dir/home/ubuntu-rbe-200x/pico/pico-sdk/src/rp2_common/pico_async_context/async_context_threadsafe_background.c.o
 .text.async_context_threadsafe_background_execute_sync
                0x10007908       0x30 CMakeFiles/my_blink.dir/home/ubuntu-rbe-200x/pico/pico-sdk/src/rp2_common/pico_async_context/async_context_threadsafe_background.c.o
                0x10007908                async_context_threadsafe_background_execute_sync
 .text.async_context_threadsafe_background_deinit
                0x10007938       0x54 CMakeFiles/my_blink.dir/home/ubuntu-rbe-200x/pico/pico-sdk/src/rp2_common/pico_async_context/async_context_threadsafe_background.c.o
 .text.low_priority_irq_handler
                0x1000798c       0x3c CMakeFiles/my_blink.dir/home/ubuntu-rbe-200x/pico/pico-sdk/src/rp2_common/pico_async_context/async_context_threadsafe_background.c.o
 .text.async_context_threadsafe_background_wait_for_work_until
                0x100079c8        0xc CMakeFiles/my_blink.dir/home/ubuntu-rbe-200x/pico/pico-sdk/src/rp2_common/pico_async_context/async_context_threadsafe_background.c.o
 .text.async_context_threadsafe_background_wait_until
                0x100079d4       0x1c CMakeFiles/my_blink.dir/home/ubuntu-rbe-200x/pico/pico-sdk/src/rp2_common/pico_async_context/async_context_threadsafe_background.c.o
 .text.async_context_threadsafe_background_lock_check
                0x100079f0       0x28 CMakeFiles/my_blink.dir/home/ubuntu-rbe-200x/pico/pico-sdk/src/rp2_common/pico_async_context/async_context_threadsafe_background.c.o
 .text.async_context_threadsafe_background_release_lock
                0x10007a18       0x1c CMakeFiles/my_blink.dir/home/ubuntu-rbe-200x/pico/pico-sdk/src/rp2_common/pico_async_context/async_context_threadsafe_background.c.o
 .text.async_context_threadsafe_background_add_at_time_worker
                0x10007a34       0x34 CMakeFiles/my_blink.dir/home/ubuntu-rbe-200x/pico/pico-sdk/src/rp2_common/pico_async_context/async_context_threadsafe_background.c.o
 .text.async_context_threadsafe_background_remove_at_time_worker
                0x10007a68       0x34 CMakeFiles/my_blink.dir/home/ubuntu-rbe-200x/pico/pico-sdk/src/rp2_common/pico_async_context/async_context_threadsafe_background.c.o
 .text.async_context_threadsafe_background_add_when_pending_worker
                0x10007a9c       0x34 CMakeFiles/my_blink.dir/home/ubuntu-rbe-200x/pico/pico-sdk/src/rp2_common/pico_async_context/async_context_threadsafe_background.c.o
 .text.async_context_threadsafe_background_when_pending_worker
                0x10007ad0       0x34 CMakeFiles/my_blink.dir/home/ubuntu-rbe-200x/pico/pico-sdk/src/rp2_common/pico_async_context/async_context_threadsafe_background.c.o
 .text.async_context_threadsafe_background_default_config
                0x10007b04        0xc CMakeFiles/my_blink.dir/home/ubuntu-rbe-200x/pico/pico-sdk/src/rp2_common/pico_async_context/async_context_threadsafe_background.c.o
                0x10007b04                async_context_threadsafe_background_default_config
 .text.async_context_threadsafe_background_init
                0x10007b10       0x8c CMakeFiles/my_blink.dir/home/ubuntu-rbe-200x/pico/pico-sdk/src/rp2_common/pico_async_context/async_context_threadsafe_background.c.o
                0x10007b10                async_context_threadsafe_background_init
 .text.async_context_base_add_at_time_worker
                0x10007b9c       0x24 CMakeFiles/my_blink.dir/home/ubuntu-rbe-200x/pico/pico-sdk/src/rp2_common/pico_async_context/async_context_base.c.o
                0x10007b9c                async_context_base_add_at_time_worker
 .text.async_context_base_remove_at_time_worker
                0x10007bc0       0x28 CMakeFiles/my_blink.dir/home/ubuntu-rbe-200x/pico/pico-sdk/src/rp2_common/pico_async_context/async_context_base.c.o
                0x10007bc0                async_context_base_remove_at_time_worker
 .text.async_context_base_add_when_pending_worker
                0x10007be8       0x24 CMakeFiles/my_blink.dir/home/ubuntu-rbe-200x/pico/pico-sdk/src/rp2_common/pico_async_context/async_context_base.c.o
                0x10007be8                async_context_base_add_when_pending_worker
 .text.async_context_base_remove_when_pending_worker
                0x10007c0c       0x28 CMakeFiles/my_blink.dir/home/ubuntu-rbe-200x/pico/pico-sdk/src/rp2_common/pico_async_context/async_context_base.c.o
                0x10007c0c                async_context_base_remove_when_pending_worker
 .text.async_context_base_execute_once
                0x10007c34      0x108 CMakeFiles/my_blink.dir/home/ubuntu-rbe-200x/pico/pico-sdk/src/rp2_common/pico_async_context/async_context_base.c.o
                0x10007c34                async_context_base_execute_once
 .text          0x10007d3c       0x74 /usr/lib/gcc/arm-none-eabi/13.2.1/../../../arm-none-eabi/lib/thumb/v6-m/nofp/libg.a(libc_a-strncmp.o)
                0x10007d3c                strncmp
 .text          0x10007db0       0xb0 /usr/lib/gcc/arm-none-eabi/13.2.1/../../../arm-none-eabi/lib/thumb/v6-m/nofp/libg.a(libc_a-memmove.o)
                0x10007db0                memmove
 .text          0x10007e60       0x10 /usr/lib/gcc/arm-none-eabi/13.2.1/../../../arm-none-eabi/lib/thumb/v6-m/nofp/libg.a(libc_a-atexit.o)
                0x10007e60                atexit
 .text          0x10007e70       0x5c /usr/lib/gcc/arm-none-eabi/13.2.1/../../../arm-none-eabi/lib/thumb/v6-m/nofp/libg.a(libc_a-strlen-stub.o)
                0x10007e70                strlen
 .text          0x10007ecc       0x28 /usr/lib/gcc/arm-none-eabi/13.2.1/../../../arm-none-eabi/lib/thumb/v6-m/nofp/libg.a(libc_a-fini.o)
                0x10007ecc                __libc_fini_array
 .text          0x10007ef4       0x78 /usr/lib/gcc/arm-none-eabi/13.2.1/../../../arm-none-eabi/lib/thumb/v6-m/nofp/libg.a(libc_a-__atexit.o)
                0x10007ef4                __register_exitproc
 .text.startup  0x10007f6c       0x18 /usr/lib/gcc/arm-none-eabi/13.2.1/../../../arm-none-eabi/lib/thumb/v6-m/nofp/libg.a(libc_a-__call_atexit.o)
 *(.fini)
 .fini          0x10007f84        0x4 /usr/lib/gcc/arm-none-eabi/13.2.1/thumb/v6-m/nofp/crti.o
                0x10007f84                _fini
 .fini.__stub   0x10007f88       0xa0 linker stubs
 *crtbegin.o(.ctors)
 *crtbegin?.o(.ctors)
 *(EXCLUDE_FILE(*crtend.o *crtend?.o) .ctors)
 *(SORT_BY_NAME(.ctors.*))
 *(.ctors)
 *crtbegin.o(.dtors)
 *crtbegin?.o(.dtors)
 *(EXCLUDE_FILE(*crtend.o *crtend?.o) .dtors)
 *(SORT_BY_NAME(.dtors.*))
 *(.dtors)
                0x10008028                        . = ALIGN (0x4)
                0x10008028                        PROVIDE (__preinit_array_start = .)
 *(SORT_BY_NAME(.preinit_array.*))
 .preinit_array.00100
                0x10008028        0x4 CMakeFiles/my_blink.dir/home/ubuntu-rbe-200x/pico/pico-sdk/src/rp2_common/pico_runtime_init/runtime_init.c.o
                0x10008028                __pre_init_runtime_init_early_resets
 .preinit_array.00101
                0x1000802c        0x4 CMakeFiles/my_blink.dir/home/ubuntu-rbe-200x/pico/pico-sdk/src/rp2_common/pico_runtime_init/runtime_init.c.o
                0x1000802c                __pre_init_runtime_init_usb_power_down
 .preinit_array.00275
                0x10008030        0x4 CMakeFiles/my_blink.dir/home/ubuntu-rbe-200x/pico/pico-sdk/src/rp2_common/pico_bit_ops/bit_ops_aeabi.S.o
 .preinit_array.00300
                0x10008034        0x4 CMakeFiles/my_blink.dir/home/ubuntu-rbe-200x/pico/pico-sdk/src/rp2_common/pico_mem_ops/mem_ops_aeabi.S.o
 .preinit_array.00350
                0x10008038        0x4 CMakeFiles/my_blink.dir/home/ubuntu-rbe-200x/pico/pico-sdk/src/rp2_common/pico_double/double_aeabi_rp2040.S.o
 .preinit_array.00350
                0x1000803c        0x4 CMakeFiles/my_blink.dir/home/ubuntu-rbe-200x/pico/pico-sdk/src/rp2_common/pico_float/float_aeabi_rp2040.S.o
 .preinit_array.00500
                0x10008040        0x4 CMakeFiles/my_blink.dir/home/ubuntu-rbe-200x/pico/pico-sdk/src/rp2_common/pico_runtime_init/runtime_init.c.o
                0x10008040                __pre_init_runtime_init_clocks
 .preinit_array.00600
                0x10008044        0x4 CMakeFiles/my_blink.dir/home/ubuntu-rbe-200x/pico/pico-sdk/src/rp2_common/pico_runtime_init/runtime_init.c.o
                0x10008044                __pre_init_runtime_init_post_clock_resets
 .preinit_array.00700
                0x10008048        0x4 CMakeFiles/my_blink.dir/home/ubuntu-rbe-200x/pico/pico-sdk/src/rp2_common/pico_runtime_init/runtime_init.c.o
                0x10008048                __pre_init_runtime_init_rp2040_gpio_ie_disable
 .preinit_array.01000
                0x1000804c        0x4 CMakeFiles/my_blink.dir/home/ubuntu-rbe-200x/pico/pico-sdk/src/rp2_common/pico_runtime_init/runtime_init.c.o
                0x1000804c                __pre_init_runtime_init_spin_locks_reset
 .preinit_array.01100
                0x10008050        0x4 CMakeFiles/my_blink.dir/home/ubuntu-rbe-200x/pico/pico-sdk/src/common/pico_sync/mutex.c.o
                0x10008050                __pre_init_runtime_init_mutex
 .preinit_array.10080
                0x10008054        0x4 CMakeFiles/my_blink.dir/home/ubuntu-rbe-200x/pico/pico-sdk/src/rp2_common/pico_runtime_init/runtime_init.c.o
                0x10008054                __pre_init_runtime_init_install_ram_vector_table
 .preinit_array.11000
                0x10008058        0x4 CMakeFiles/my_blink.dir/home/ubuntu-rbe-200x/pico/pico-sdk/src/common/pico_time/time.c.o
                0x10008058                __pre_init_runtime_init_default_alarm_pool
 .preinit_array.YYYYY
                0x1000805c        0x4 CMakeFiles/my_blink.dir/home/ubuntu-rbe-200x/pico/pico-sdk/src/rp2_common/pico_runtime/runtime.c.o
                0x1000805c                __pre_init_first_per_core_initializer
 .preinit_array.ZZZZZ.01200
                0x10008060        0x4 CMakeFiles/my_blink.dir/home/ubuntu-rbe-200x/pico/pico-sdk/src/rp2_common/hardware_irq/irq.c.o
                0x10008060                __pre_init_runtime_init_per_core_irq_priorities
 *(.preinit_array)
                0x10008064                        PROVIDE (__preinit_array_end = .)
                0x10008064                        . = ALIGN (0x4)
                0x10008064                        PROVIDE (__init_array_start = .)
 *(SORT_BY_NAME(.init_array.*))
 .init_array.00000
                0x10008064        0x4 /usr/lib/gcc/arm-none-eabi/13.2.1/../../../arm-none-eabi/lib/thumb/v6-m/nofp/libg.a(libc_a-__call_atexit.o)
 *(.init_array)
 .init_array    0x10008068        0x4 /usr/lib/gcc/arm-none-eabi/13.2.1/thumb/v6-m/nofp/crtbegin.o
 .init_array    0x1000806c        0x4 CMakeFiles/my_blink.dir/home/ubuntu-rbe-200x/pico/pico-sdk/src/rp2_common/pico_unique_id/unique_id.c.o
                0x10008070                        PROVIDE (__init_array_end = .)
                0x10008070                        . = ALIGN (0x4)
                0x10008070                        PROVIDE (__fini_array_start = .)
 *(SORT_BY_NAME(.fini_array.*))
 *(.fini_array)
                0x10008070                        PROVIDE (__fini_array_end = .)
 *(.eh_frame*)
 .eh_frame      0x10008070        0x0 /usr/lib/gcc/arm-none-eabi/13.2.1/thumb/v6-m/nofp/crtbegin.o
                0x10008070                        . = ALIGN (0x4)

.glue_7         0x10008070        0x0
 .glue_7        0x10008070        0x0 linker stubs

.glue_7t        0x10008070        0x0
 .glue_7t       0x10008070        0x0 linker stubs

.vfp11_veneer   0x10008070        0x0
 .vfp11_veneer  0x10008070        0x0 linker stubs

.v4_bx          0x10008070        0x0
 .v4_bx         0x10008070        0x0 linker stubs

.iplt           0x10008070        0x0
 .iplt          0x10008070        0x0 /usr/lib/gcc/arm-none-eabi/13.2.1/thumb/v6-m/nofp/crtbegin.o

.rodata         0x10008070    0x37cd8
 *(EXCLUDE_FILE(*libm.a: *libc.a:*lib_a-mem*.o *libgcc.a:) .rodata*)
 .rodata.main.str1.4
                0x10008070      0x4cc CMakeFiles/my_blink.dir/my_blink.c.o
                                 0x12 (size before relaxing)
 .rodata.panic.str1.4
                0x1000853c       0x12 CMakeFiles/my_blink.dir/home/ubuntu-rbe-200x/pico/pico-sdk/src/rp2_common/pico_platform_panic/panic.c.o
 .rodata.user_irq_claim_unused.str1.4
                0x1000853c       0x1b CMakeFiles/my_blink.dir/home/ubuntu-rbe-200x/pico/pico-sdk/src/rp2_common/hardware_irq/irq.c.o
 *fill*         0x1000853c        0x4 
 .rodata.at_the_end_of_time
                0x10008540        0x8 CMakeFiles/my_blink.dir/home/ubuntu-rbe-200x/pico/pico-sdk/src/common/pico_time/time.c.o
                0x10008540                at_the_end_of_time
 .rodata.timer_hardware_alarm_claim.str1.4
                0x10008548       0x22 CMakeFiles/my_blink.dir/home/ubuntu-rbe-200x/pico/pico-sdk/src/rp2_common/hardware_timer/timer.c.o
 .rodata.hard_assertion_failure.str1.4
                0x10008548        0xc CMakeFiles/my_blink.dir/home/ubuntu-rbe-200x/pico/pico-sdk/src/rp2_common/pico_runtime/runtime.c.o
 .rodata.missing_double_func_shim.str1.4
                0x10008548       0x18 CMakeFiles/my_blink.dir/home/ubuntu-rbe-200x/pico/pico-sdk/src/rp2_common/pico_double/double_init_rom_rp2040.c.o
 .rodata.missing_float_func_shim.str1.4
                0x10008548        0x1 CMakeFiles/my_blink.dir/home/ubuntu-rbe-200x/pico/pico-sdk/src/rp2_common/pico_float/float_init_rom_rp2040.c.o
 .rodata.str1.4
                0x10008548       0x40 CMakeFiles/my_blink.dir/home/ubuntu-rbe-200x/pico/pico-sdk/src/rp2_common/pico_standard_binary_info/standard_binary_info.c.o
 .rodata.__bi_84
                0x10008548        0xc CMakeFiles/my_blink.dir/home/ubuntu-rbe-200x/pico/pico-sdk/src/rp2_common/pico_standard_binary_info/standard_binary_info.c.o
 .rodata.__bi_78
                0x10008554        0xc CMakeFiles/my_blink.dir/home/ubuntu-rbe-200x/pico/pico-sdk/src/rp2_common/pico_standard_binary_info/standard_binary_info.c.o
 .rodata.__bi_54
                0x10008560        0xc CMakeFiles/my_blink.dir/home/ubuntu-rbe-200x/pico/pico-sdk/src/rp2_common/pico_standard_binary_info/standard_binary_info.c.o
 .rodata.__bi_48
                0x1000856c        0xc CMakeFiles/my_blink.dir/home/ubuntu-rbe-200x/pico/pico-sdk/src/rp2_common/pico_standard_binary_info/standard_binary_info.c.o
 .rodata.__bi_42
                0x10008578        0xc CMakeFiles/my_blink.dir/home/ubuntu-rbe-200x/pico/pico-sdk/src/rp2_common/pico_standard_binary_info/standard_binary_info.c.o
 .rodata.__bi_34
                0x10008584        0xc CMakeFiles/my_blink.dir/home/ubuntu-rbe-200x/pico/pico-sdk/src/rp2_common/pico_standard_binary_info/standard_binary_info.c.o
 .rodata.__bi_26
                0x10008590        0xc CMakeFiles/my_blink.dir/home/ubuntu-rbe-200x/pico/pico-sdk/src/rp2_common/pico_standard_binary_info/standard_binary_info.c.o
 .rodata._ftoa.str1.4
                0x1000859c       0x15 CMakeFiles/my_blink.dir/home/ubuntu-rbe-200x/pico/pico-sdk/src/rp2_common/pico_printf/printf.c.o
 .rodata._vsnprintf
                0x1000859c      0x19c CMakeFiles/my_blink.dir/home/ubuntu-rbe-200x/pico/pico-sdk/src/rp2_common/pico_printf/printf.c.o
 .rodata.pow10.0
                0x10008738       0x50 CMakeFiles/my_blink.dir/home/ubuntu-rbe-200x/pico/pico-sdk/src/rp2_common/pico_printf/printf.c.o
 .rodata.crlf_str.0
                0x10008788        0x2 CMakeFiles/my_blink.dir/home/ubuntu-rbe-200x/pico/pico-sdk/src/rp2_common/pico_stdio/stdio.c.o
 .rodata.str1.4
                0x1000878a       0x2c CMakeFiles/my_blink.dir/home/ubuntu-rbe-200x/pico/pico-sdk/src/rp2_common/pico_stdio_uart/stdio_uart.c.o
 *fill*         0x1000878a        0x2 
 .rodata.__bi_45.4
                0x1000878c        0xc CMakeFiles/my_blink.dir/home/ubuntu-rbe-200x/pico/pico-sdk/src/rp2_common/pico_stdio_uart/stdio_uart.c.o
 .rodata.__bi_49.5
                0x10008798        0x8 CMakeFiles/my_blink.dir/home/ubuntu-rbe-200x/pico/pico-sdk/src/rp2_common/pico_stdio_uart/stdio_uart.c.o
 .rodata.__bi_50.6
                0x100087a0        0x8 CMakeFiles/my_blink.dir/home/ubuntu-rbe-200x/pico/pico-sdk/src/rp2_common/pico_stdio_uart/stdio_uart.c.o
 .rodata.cyw43_read_bytes.str1.4
                0x100087a8       0x1a CMakeFiles/my_blink.dir/home/ubuntu-rbe-200x/pico/pico-sdk/src/rp2_common/pico_cyw43_driver/cyw43_bus_pio_spi.c.o
 .rodata.cyw43_write_bytes.str1.4
                0x100087a8        0xd CMakeFiles/my_blink.dir/home/ubuntu-rbe-200x/pico/pico-sdk/src/rp2_common/pico_cyw43_driver/cyw43_bus_pio_spi.c.o
 .rodata.spi_gap01_sample0_program
                0x100087a8        0x8 CMakeFiles/my_blink.dir/home/ubuntu-rbe-200x/pico/pico-sdk/src/rp2_common/pico_cyw43_driver/cyw43_bus_pio_spi.c.o
 .rodata.spi_gap01_sample0_program_instructions
                0x100087b0        0xc CMakeFiles/my_blink.dir/home/ubuntu-rbe-200x/pico/pico-sdk/src/rp2_common/pico_cyw43_driver/cyw43_bus_pio_spi.c.o
 .rodata.cyw43_kso_set.str1.4
                0x100087bc       0x23 CMakeFiles/my_blink.dir/home/ubuntu-rbe-200x/pico/pico-sdk/lib/cyw43-driver/src/cyw43_ll.c.o
 .rodata.cyw43_ll_sdpcm_poll_device.str1.4
                0x100087bc       0x55 CMakeFiles/my_blink.dir/home/ubuntu-rbe-200x/pico/pico-sdk/lib/cyw43-driver/src/cyw43_ll.c.o
 .rodata.cyw43_sdpcm_send_common.str1.4
                0x100087bc       0x22 CMakeFiles/my_blink.dir/home/ubuntu-rbe-200x/pico/pico-sdk/lib/cyw43-driver/src/cyw43_ll.c.o
 .rodata.cyw43_do_ioctl.part.0.str1.4
                0x100087bc       0x53 CMakeFiles/my_blink.dir/home/ubuntu-rbe-200x/pico/pico-sdk/lib/cyw43-driver/src/cyw43_ll.c.o
 .rodata.reset_device_core.constprop.0.str1.4
                0x100087bc       0x1a CMakeFiles/my_blink.dir/home/ubuntu-rbe-200x/pico/pico-sdk/lib/cyw43-driver/src/cyw43_ll.c.o
 .rodata.cyw43_ll_wifi_on.str1.4
                0x100087bc       0x52 CMakeFiles/my_blink.dir/home/ubuntu-rbe-200x/pico/pico-sdk/lib/cyw43-driver/src/cyw43_ll.c.o
 .rodata.cyw43_ll_bus_init.str1.4
                0x100087bc       0xea CMakeFiles/my_blink.dir/home/ubuntu-rbe-200x/pico/pico-sdk/lib/cyw43-driver/src/cyw43_ll.c.o
 .rodata.cyw43_ll_gpio_set.str1.4
                0x100087bc        0x8 CMakeFiles/my_blink.dir/home/ubuntu-rbe-200x/pico/pico-sdk/lib/cyw43-driver/src/cyw43_ll.c.o
 .rodata.w43439A0_7_95_49_00_combined
                0x100087bc    0x36fd8 CMakeFiles/my_blink.dir/home/ubuntu-rbe-200x/pico/pico-sdk/lib/cyw43-driver/src/cyw43_ll.c.o
 .rodata.wifi_nvram_4343
                0x1003f794      0x2e7 CMakeFiles/my_blink.dir/home/ubuntu-rbe-200x/pico/pico-sdk/lib/cyw43-driver/src/cyw43_ll.c.o
 *fill*         0x1003fa7b        0x1 
 .rodata        0x1003fa7c       0x72 CMakeFiles/my_blink.dir/home/ubuntu-rbe-200x/pico/pico-sdk/lib/cyw43-driver/src/cyw43_ll.c.o
 .rodata.cyw43_cb_process_async_event.str1.4
                0x1003faee       0x28 CMakeFiles/my_blink.dir/home/ubuntu-rbe-200x/pico/pico-sdk/lib/cyw43-driver/src/cyw43_ctrl.c.o
 *fill*         0x1003faee        0x2 
 .rodata.cyw43_cb_process_async_event
                0x1003faf0       0xbc CMakeFiles/my_blink.dir/home/ubuntu-rbe-200x/pico/pico-sdk/lib/cyw43-driver/src/cyw43_ctrl.c.o
 .rodata.str1.4
                0x1003fbac       0x9e CMakeFiles/my_blink.dir/home/ubuntu-rbe-200x/pico/pico-sdk/lib/cyw43-driver/src/cyw43_ctrl.c.o
 .rodata.cyw43_async_event_name_table
                0x1003fbac      0x164 CMakeFiles/my_blink.dir/home/ubuntu-rbe-200x/pico/pico-sdk/lib/cyw43-driver/src/cyw43_ctrl.c.o
 .rodata.pio_claim_unused_sm.str1.4
                0x1003fd10       0x24 CMakeFiles/my_blink.dir/home/ubuntu-rbe-200x/pico/pico-sdk/src/rp2_common/hardware_pio/pio.c.o
 .rodata.dma_claim_unused_channel.str1.4
                0x1003fd10       0x1e CMakeFiles/my_blink.dir/home/ubuntu-rbe-200x/pico/pico-sdk/src/rp2_common/hardware_dma/dma.c.o
 .rodata.cyw43_cb_tcpip_set_link_up.str1.4
                0x1003fd10       0x20 CMakeFiles/my_blink.dir/home/ubuntu-rbe-200x/pico/pico-sdk/src/rp2_common/pico_cyw43_driver/cyw43_driver.c.o
 .rodata.async_context_threadsafe_background_lock_check.str1.4
                0x1003fd10       0x20 CMakeFiles/my_blink.dir/home/ubuntu-rbe-200x/pico/pico-sdk/src/rp2_common/pico_async_context/async_context_threadsafe_background.c.o
 .rodata.template
                0x1003fd10       0x38 CMakeFiles/my_blink.dir/home/ubuntu-rbe-200x/pico/pico-sdk/src/rp2_common/pico_async_context/async_context_threadsafe_background.c.o
                0x1003fd48                        . = ALIGN (0x4)
 *(SORT_BY_ALIGNMENT(SORT_BY_NAME(.flashdata*)))
                0x1003fd48                        . = ALIGN (0x4)

.ARM.extab
 *(.ARM.extab* .gnu.linkonce.armextab.*)
                0x1003fd48                        __exidx_start = .

.ARM.exidx
 *(.ARM.exidx* .gnu.linkonce.armexidx.*)
                0x1003fd48                        __exidx_end = .
                0x1003fd48                        . = ALIGN (0x4)
                0x1003fd48                        __binary_info_start = .

.binary_info    0x1003fd48       0x28
 *(.binary_info.keep.*)
 .binary_info.keep.__bi_ptr84
                0x1003fd48        0x4 CMakeFiles/my_blink.dir/home/ubuntu-rbe-200x/pico/pico-sdk/src/rp2_common/pico_standard_binary_info/standard_binary_info.c.o
 .binary_info.keep.__bi_ptr78
                0x1003fd4c        0x4 CMakeFiles/my_blink.dir/home/ubuntu-rbe-200x/pico/pico-sdk/src/rp2_common/pico_standard_binary_info/standard_binary_info.c.o
 .binary_info.keep.__bi_ptr54
                0x1003fd50        0x4 CMakeFiles/my_blink.dir/home/ubuntu-rbe-200x/pico/pico-sdk/src/rp2_common/pico_standard_binary_info/standard_binary_info.c.o
 .binary_info.keep.__bi_ptr48
                0x1003fd54        0x4 CMakeFiles/my_blink.dir/home/ubuntu-rbe-200x/pico/pico-sdk/src/rp2_common/pico_standard_binary_info/standard_binary_info.c.o
 .binary_info.keep.__bi_ptr42
                0x1003fd58        0x4 CMakeFiles/my_blink.dir/home/ubuntu-rbe-200x/pico/pico-sdk/src/rp2_common/pico_standard_binary_info/standard_binary_info.c.o
 .binary_info.keep.__bi_ptr34
                0x1003fd5c        0x4 CMakeFiles/my_blink.dir/home/ubuntu-rbe-200x/pico/pico-sdk/src/rp2_common/pico_standard_binary_info/standard_binary_info.c.o
 .binary_info.keep.__bi_ptr26
                0x1003fd60        0x4 CMakeFiles/my_blink.dir/home/ubuntu-rbe-200x/pico/pico-sdk/src/rp2_common/pico_standard_binary_info/standard_binary_info.c.o
 *(.binary_info.*)
 .binary_info.__bi_ptr50
                0x1003fd64        0x4 CMakeFiles/my_blink.dir/home/ubuntu-rbe-200x/pico/pico-sdk/src/rp2_common/pico_stdio_uart/stdio_uart.c.o
 .binary_info.__bi_ptr49
                0x1003fd68        0x4 CMakeFiles/my_blink.dir/home/ubuntu-rbe-200x/pico/pico-sdk/src/rp2_common/pico_stdio_uart/stdio_uart.c.o
 .binary_info.__bi_ptr45
                0x1003fd6c        0x4 CMakeFiles/my_blink.dir/home/ubuntu-rbe-200x/pico/pico-sdk/src/rp2_common/pico_stdio_uart/stdio_uart.c.o
                0x1003fd70                        __binary_info_end = .

.rel.dyn        0x1003fd70        0x0
 .rel.iplt      0x1003fd70        0x0 /usr/lib/gcc/arm-none-eabi/13.2.1/thumb/v6-m/nofp/crtbegin.o
                0x1003fd70                        . = ALIGN (0x4)

.ram_vector_table
                0x20000000       0xc0
 *(.ram_vector_table)
 .ram_vector_table
                0x20000000       0xc0 CMakeFiles/my_blink.dir/home/ubuntu-rbe-200x/pico/pico-sdk/src/rp2_common/pico_runtime_init/runtime_init.c.o
                0x20000000                ram_vector_table

.uninitialized_data
                0x200000c0        0x0
                0x200000c0                        . = ALIGN (0x4)
 *(.uninitialized_data*)

.data           0x200000c0      0x478 load address 0x1003fd70
                0x200000c0                        __data_start__ = .
 *(vtable)
 *(.time_critical*)
 .time_critical.sem_acquire_block_until
                0x200000c0       0x68 CMakeFiles/my_blink.dir/home/ubuntu-rbe-200x/pico/pico-sdk/src/common/pico_sync/sem.c.o
                0x200000c0                sem_acquire_block_until
 .time_critical.sem_release
                0x20000128       0x4c CMakeFiles/my_blink.dir/home/ubuntu-rbe-200x/pico/pico-sdk/src/common/pico_sync/sem.c.o
                0x20000128                sem_release
 .time_critical.recursive_mutex_enter_blocking
                0x20000174       0x50 CMakeFiles/my_blink.dir/home/ubuntu-rbe-200x/pico/pico-sdk/src/common/pico_sync/mutex.c.o
                0x20000174                recursive_mutex_enter_blocking
 .time_critical.mutex_try_enter_block_until
                0x200001c4       0x9c CMakeFiles/my_blink.dir/home/ubuntu-rbe-200x/pico/pico-sdk/src/common/pico_sync/mutex.c.o
                0x200001c4                mutex_try_enter_block_until
 .time_critical.recursive_mutex_try_enter
                0x20000260       0x50 CMakeFiles/my_blink.dir/home/ubuntu-rbe-200x/pico/pico-sdk/src/common/pico_sync/mutex.c.o
                0x20000260                recursive_mutex_try_enter
 .time_critical.mutex_exit
                0x200002b0       0x28 CMakeFiles/my_blink.dir/home/ubuntu-rbe-200x/pico/pico-sdk/src/common/pico_sync/mutex.c.o
                0x200002b0                mutex_exit
 .time_critical.recursive_mutex_exit
                0x200002d8       0x44 CMakeFiles/my_blink.dir/home/ubuntu-rbe-200x/pico/pico-sdk/src/common/pico_sync/mutex.c.o
                0x200002d8                recursive_mutex_exit
 .time_critical.flash_init_boot2_copyout
                0x2000031c       0x30 CMakeFiles/my_blink.dir/home/ubuntu-rbe-200x/pico/pico-sdk/src/rp2_common/hardware_flash/flash.c.o
 .time_critical.flash_enable_xip_via_boot2
                0x2000034c        0xc CMakeFiles/my_blink.dir/home/ubuntu-rbe-200x/pico/pico-sdk/src/rp2_common/hardware_flash/flash.c.o
 .time_critical.flash_cs_force
                0x20000358       0x38 CMakeFiles/my_blink.dir/home/ubuntu-rbe-200x/pico/pico-sdk/src/rp2_common/hardware_flash/flash.c.o
 .time_critical.flash_do_cmd
                0x20000390       0xc0 CMakeFiles/my_blink.dir/home/ubuntu-rbe-200x/pico/pico-sdk/src/rp2_common/hardware_flash/flash.c.o
                0x20000390                flash_do_cmd
 *(.text*)
 .text          0x20000450        0x4 /usr/lib/gcc/arm-none-eabi/13.2.1/thumb/v6-m/nofp/libgcc.a(_dvmd_tls.o)
                0x20000450                __aeabi_ldiv0
                0x20000450                __aeabi_idiv0
 *fill*         0x20000454        0x4 
 .text.__stub   0x20000458       0x10 linker stubs
                0x20000468                        . = ALIGN (0x4)
 *(.rodata*)
                0x20000468                        . = ALIGN (0x4)
 *(.data*)
 .data.striped_spin_lock_num
                0x20000468        0x1 CMakeFiles/my_blink.dir/home/ubuntu-rbe-200x/pico/pico-sdk/src/rp2_common/hardware_sync/sync.c.o
 *fill*         0x20000469        0x3 
 .data          0x2000046c       0x48 CMakeFiles/my_blink.dir/home/ubuntu-rbe-200x/pico/pico-sdk/src/rp2_common/hardware_irq/irq_handler_chain.S.o
                0x2000046c                irq_handler_chain_slots
                0x2000049c                irq_handler_chain_first_slot
                0x200004a6                irq_handler_chain_remove_tail
 .data.default_alarm_pool
                0x200004b4       0x18 CMakeFiles/my_blink.dir/home/ubuntu-rbe-200x/pico/pico-sdk/src/common/pico_time/time.c.o
 *fill*         0x200004cc        0x4 
 .data.aeabi_bits_funcs
                0x200004d0       0x10 CMakeFiles/my_blink.dir/home/ubuntu-rbe-200x/pico/pico-sdk/src/rp2_common/pico_bit_ops/bit_ops_aeabi.S.o
                0x200004d0                aeabi_bits_funcs
                0x200004e0                aeabi_bits_funcs_end
 .data.aeabi_mem_funcs
                0x200004e0       0x10 CMakeFiles/my_blink.dir/home/ubuntu-rbe-200x/pico/pico-sdk/src/rp2_common/pico_mem_ops/mem_ops_aeabi.S.o
                0x200004e0                aeabi_mem_funcs
                0x200004f0                aeabi_mem_funcs_end
 .data.stdio_uart
                0x200004f0       0x18 CMakeFiles/my_blink.dir/home/ubuntu-rbe-200x/pico/pico-sdk/src/rp2_common/pico_stdio_uart/stdio_uart.c.o
                0x200004f0                stdio_uart
 .data.cyw43_poll_worker
                0x20000508       0x10 CMakeFiles/my_blink.dir/home/ubuntu-rbe-200x/pico/pico-sdk/src/rp2_common/pico_cyw43_driver/cyw43_driver.c.o
 .data.sleep_timeout_worker
                0x20000518       0x18 CMakeFiles/my_blink.dir/home/ubuntu-rbe-200x/pico/pico-sdk/src/rp2_common/pico_cyw43_driver/cyw43_driver.c.o
                0x20000530                        . = ALIGN (0x4)
 *(.after_data.*)
                0x20000530                        . = ALIGN (0x4)
                0x20000530                        PROVIDE (__mutex_array_start = .)
 *(SORT_BY_NAME(.mutex_array.*))
 *(.mutex_array)
 .mutex_array   0x20000530        0x8 CMakeFiles/my_blink.dir/home/ubuntu-rbe-200x/pico/pico-sdk/src/rp2_common/pico_stdio/stdio.c.o
                0x20000538                        PROVIDE (__mutex_array_end = .)
                0x20000538                        . = ALIGN (0x4)
 *(.jcr)
                0x20000538                        . = ALIGN (0x4)

.tm_clone_table
                0x20000538        0x0 load address 0x100401e8
 .tm_clone_table
                0x20000538        0x0 /usr/lib/gcc/arm-none-eabi/13.2.1/thumb/v6-m/nofp/crtbegin.o
 .tm_clone_table
                0x20000538        0x0 /usr/lib/gcc/arm-none-eabi/13.2.1/thumb/v6-m/nofp/crtend.o

.igot.plt       0x20000538        0x0 load address 0x100401e8
 .igot.plt      0x20000538        0x0 /usr/lib/gcc/arm-none-eabi/13.2.1/thumb/v6-m/nofp/crtbegin.o

.tdata          0x20000538        0x0 load address 0x100401e8
                0x20000538                        . = ALIGN (0x4)
 *(.tdata .tdata.* .gnu.linkonce.td.*)
                0x20000538                        __tdata_end = .
                0x20000538                        PROVIDE (__data_end__ = .)
                0x1003fd70                        __etext = LOADADDR (.data)

.tbss           0x20000538        0x0 load address 0x100401e8
                0x20000538                        . = ALIGN (0x4)
                0x20000538                        __bss_start__ = .
                0x20000538                        __tls_base = .
 *(.tbss .tbss.* .gnu.linkonce.tb.*)
 *(.tcommon)
                0x20000538                        __tls_end = .

.bss            0x20000538     0x1020 load address 0x100401e8
                0x20000538                        . = ALIGN (0x4)
                0x20000538                        __tbss_end = .
 *(SORT_BY_ALIGNMENT(SORT_BY_NAME(.bss*)))
 .bss.cyw43_async_context_threadsafe_background
                0x20000538       0x48 CMakeFiles/my_blink.dir/home/ubuntu-rbe-200x/pico/pico-sdk/src/rp2_common/pico_cyw43_arch/cyw43_arch_threadsafe_background.c.o
 .bss.default_alarm_pool_entries
                0x20000580      0x180 CMakeFiles/my_blink.dir/home/ubuntu-rbe-200x/pico/pico-sdk/src/common/pico_time/time.c.o
 .bss.sd_table  0x20000700      0x100 CMakeFiles/my_blink.dir/home/ubuntu-rbe-200x/pico/pico-sdk/src/rp2_common/pico_double/double_init_rom_rp2040.c.o
                0x20000700                sd_table
 .bss           0x20000800       0x1c /usr/lib/gcc/arm-none-eabi/13.2.1/thumb/v6-m/nofp/crtbegin.o
 .bss           0x2000081c      0x190 /usr/lib/gcc/arm-none-eabi/13.2.1/../../../arm-none-eabi/lib/thumb/v6-m/nofp/libg.a(libc_a-__atexit.o)
                0x2000081c                __atexit0
 .bss           0x200009ac        0x4 /usr/lib/gcc/arm-none-eabi/13.2.1/../../../arm-none-eabi/lib/thumb/v6-m/nofp/libg.a(libc_a-__call_atexit.o)
                0x200009ac                __atexit
 .bss._used_instruction_space
                0x200009b0        0x8 CMakeFiles/my_blink.dir/home/ubuntu-rbe-200x/pico/pico-sdk/src/rp2_common/hardware_pio/pio.c.o
 .bss.async_context
                0x200009b8        0x4 CMakeFiles/my_blink.dir/home/ubuntu-rbe-200x/pico/pico-sdk/src/rp2_common/pico_cyw43_arch/cyw43_arch.c.o
 .bss.async_contexts_by_user_irq
                0x200009bc       0x18 CMakeFiles/my_blink.dir/home/ubuntu-rbe-200x/pico/pico-sdk/src/rp2_common/pico_async_context/async_context_threadsafe_background.c.o
 .bss.boot2_copyout
                0x200009d4      0x100 CMakeFiles/my_blink.dir/home/ubuntu-rbe-200x/pico/pico-sdk/src/rp2_common/hardware_flash/flash.c.o
 .bss.bus_data_instance
                0x20000ad4       0x10 CMakeFiles/my_blink.dir/home/ubuntu-rbe-200x/pico/pico-sdk/src/rp2_common/pico_cyw43_driver/cyw43_bus_pio_spi.c.o
 .bss.chars_available_callback
                0x20000ae4        0x4 CMakeFiles/my_blink.dir/home/ubuntu-rbe-200x/pico/pico-sdk/src/rp2_common/pico_stdio_uart/stdio_uart.c.o
 .bss.chars_available_param
                0x20000ae8        0x4 CMakeFiles/my_blink.dir/home/ubuntu-rbe-200x/pico/pico-sdk/src/rp2_common/pico_stdio_uart/stdio_uart.c.o
 .bss.claimed   0x20000aec        0x1 CMakeFiles/my_blink.dir/home/ubuntu-rbe-200x/pico/pico-sdk/src/rp2_common/hardware_timer/timer.c.o
 *fill*         0x20000aed        0x3 
 .bss.claimed   0x20000af0        0x1 CMakeFiles/my_blink.dir/home/ubuntu-rbe-200x/pico/pico-sdk/src/rp2_common/hardware_pio/pio.c.o
 *fill*         0x20000af1        0x3 
 .bss.configured_freq
                0x20000af4       0x28 CMakeFiles/my_blink.dir/home/ubuntu-rbe-200x/pico/pico-sdk/src/rp2_common/hardware_clocks/clocks.c.o
 .bss.cyw43_async_context
                0x20000b1c        0x4 CMakeFiles/my_blink.dir/home/ubuntu-rbe-200x/pico/pico-sdk/src/rp2_common/pico_cyw43_driver/cyw43_driver.c.o
 .bss.cyw43_poll
                0x20000b20        0x4 CMakeFiles/my_blink.dir/home/ubuntu-rbe-200x/pico/pico-sdk/lib/cyw43-driver/src/cyw43_ctrl.c.o
                0x20000b20                cyw43_poll
 .bss.cyw43_sleep
                0x20000b24        0x4 CMakeFiles/my_blink.dir/home/ubuntu-rbe-200x/pico/pico-sdk/lib/cyw43-driver/src/cyw43_ctrl.c.o
                0x20000b24                cyw43_sleep
 .bss.cyw43_state
                0x20000b28      0x8ec CMakeFiles/my_blink.dir/home/ubuntu-rbe-200x/pico/pico-sdk/lib/cyw43-driver/src/cyw43_ctrl.c.o
                0x20000b28                cyw43_state
 .bss.drivers   0x20001414        0x4 CMakeFiles/my_blink.dir/home/ubuntu-rbe-200x/pico/pico-sdk/src/rp2_common/pico_stdio/stdio.c.o
 .bss.filter    0x20001418        0x4 CMakeFiles/my_blink.dir/home/ubuntu-rbe-200x/pico/pico-sdk/src/rp2_common/pico_stdio/stdio.c.o
 .bss.lazy_vsnprintf
                0x2000141c        0x4 CMakeFiles/my_blink.dir/home/ubuntu-rbe-200x/pico/pico-sdk/src/rp2_common/pico_printf/printf.c.o
 .bss.pools     0x20001420       0x10 CMakeFiles/my_blink.dir/home/ubuntu-rbe-200x/pico/pico-sdk/src/common/pico_time/time.c.o
 .bss.raw_irq_mask
                0x20001430        0x8 CMakeFiles/my_blink.dir/home/ubuntu-rbe-200x/pico/pico-sdk/src/rp2_common/hardware_gpio/gpio.c.o
 .bss.retrieved_id
                0x20001438        0x8 CMakeFiles/my_blink.dir/home/ubuntu-rbe-200x/pico/pico-sdk/src/rp2_common/pico_unique_id/unique_id.c.o
 .bss.sf_clz_func
                0x20001440        0x4 CMakeFiles/my_blink.dir/home/ubuntu-rbe-200x/pico/pico-sdk/src/rp2_common/pico_double/double_init_rom_rp2040.c.o
                0x20001440                sf_clz_func
 .bss.sf_table  0x20001444      0x100 CMakeFiles/my_blink.dir/home/ubuntu-rbe-200x/pico/pico-sdk/src/rp2_common/pico_float/float_init_rom_rp2040.c.o
                0x20001444                sf_table
 .bss.sleep_notifier
                0x20001544        0x4 CMakeFiles/my_blink.dir/home/ubuntu-rbe-200x/pico/pico-sdk/src/common/pico_time/time.c.o
 .bss.uart_char_to_line_feed
                0x20001548        0x4 CMakeFiles/my_blink.dir/home/ubuntu-rbe-200x/pico/pico-sdk/src/rp2_common/hardware_uart/uart.c.o
                0x20001548                uart_char_to_line_feed
 .bss.uart_instance
                0x2000154c        0x4 CMakeFiles/my_blink.dir/home/ubuntu-rbe-200x/pico/pico-sdk/src/rp2_common/pico_stdio_uart/stdio_uart.c.o
 .bss._claimed  0x20001550        0x2 CMakeFiles/my_blink.dir/home/ubuntu-rbe-200x/pico/pico-sdk/src/rp2_common/hardware_dma/dma.c.o
 .bss.last_spi_int.0
                0x20001552        0x2 CMakeFiles/my_blink.dir/home/ubuntu-rbe-200x/pico/pico-sdk/lib/cyw43-driver/src/cyw43_ll.c.o
 .bss.boot2_copyout_valid
                0x20001554        0x1 CMakeFiles/my_blink.dir/home/ubuntu-rbe-200x/pico/pico-sdk/src/rp2_common/hardware_flash/flash.c.o
 .bss.irq_handler_chain_free_slot_head
                0x20001555        0x1 CMakeFiles/my_blink.dir/home/ubuntu-rbe-200x/pico/pico-sdk/src/rp2_common/hardware_irq/irq.c.o
 .bss.user_irq_claimed
                0x20001556        0x1 CMakeFiles/my_blink.dir/home/ubuntu-rbe-200x/pico/pico-sdk/src/rp2_common/hardware_irq/irq.c.o
 *(COMMON)
                0x20001558                        . = ALIGN (0x4)
 *fill*         0x20001557        0x1 
                0x20001558                        __bss_end__ = .

.heap           0x20001558      0x800 load address 0x100401e8
                0x20001558                        __end__ = .
                0x20001558                        end = __end__
 *(.heap*)
 .heap          0x20001558      0x800 CMakeFiles/my_blink.dir/home/ubuntu-rbe-200x/pico/pico-sdk/src/rp2_common/pico_crt0/crt0.S.o
                0x20040000                        __HeapLimit = (ORIGIN (RAM) + LENGTH (RAM))

.scratch_x      0x20040000        0x0 load address 0x100401e8
                0x20040000                        __scratch_x_start__ = .
 *(.scratch_x.*)
                0x20040000                        . = ALIGN (0x4)
                0x20040000                        __scratch_x_end__ = .
                0x100401e8                        __scratch_x_source__ = LOADADDR (.scratch_x)

.scratch_y      0x20041000        0x0 load address 0x100401e8
                0x20041000                        __scratch_y_start__ = .
 *(.scratch_y.*)
                0x20041000                        . = ALIGN (0x4)
                0x20041000                        __scratch_y_end__ = .
                0x100401e8                        __scratch_y_source__ = LOADADDR (.scratch_y)

.stack1_dummy
 *(.stack1*)

.stack_dummy    0x20041000      0x800
 *(.stack*)
 .stack         0x20041000      0x800 CMakeFiles/my_blink.dir/home/ubuntu-rbe-200x/pico/pico-sdk/src/rp2_common/pico_crt0/crt0.S.o

.flash_end      0x100401e8        0x0
 *(.embedded_end_block*)
                0x100401e8                        PROVIDE (__flash_binary_end = .)
                0x20040000                        __StackLimit = (ORIGIN (RAM) + LENGTH (RAM))
                0x20041000                        __StackOneTop = (ORIGIN (SCRATCH_X) + LENGTH (SCRATCH_X))
                0x20042000                        __StackTop = (ORIGIN (SCRATCH_Y) + LENGTH (SCRATCH_Y))
                0x20041000                        __StackOneBottom = (__StackOneTop - SIZEOF (.stack1_dummy))
                0x20041800                        __StackBottom = (__StackTop - SIZEOF (.stack_dummy))
                0x20042000                        PROVIDE (__stack = __StackTop)
                [!provide]                        PROVIDE (__heap_start = __end__)
                [!provide]                        PROVIDE (__heap_end = __HeapLimit)
                [!provide]                        PROVIDE (__tls_align = MAX (ALIGNOF (.tdata), ALIGNOF (.tbss)))
                [!provide]                        PROVIDE (__tls_size_align = (((__tls_size + __tls_align) - 0x1) & ~ ((__tls_align - 0x1))))
                [!provide]                        PROVIDE (__arm32_tls_tcb_offset = MAX (0x8, __tls_align))
                [!provide]                        PROVIDE (_end = __end__)
                [!provide]                        PROVIDE (__llvm_libc_heap_limit = __HeapLimit)
                0x00000001                        ASSERT ((__StackLimit >= __HeapLimit), region RAM overflowed)
                0x00000001                        ASSERT (((__binary_info_header_end - __logical_binary_start) <= 0x100), Binary info must be in first 256 bytes of the binary)
LOAD CMakeFiles/my_blink.dir/my_blink.c.o
LOAD CMakeFiles/my_blink.dir/home/ubuntu-rbe-200x/pico/pico-sdk/src/rp2_common/pico_stdlib/stdlib.c.o
LOAD CMakeFiles/my_blink.dir/home/ubuntu-rbe-200x/pico/pico-sdk/src/rp2_common/hardware_gpio/gpio.c.o
LOAD CMakeFiles/my_blink.dir/home/ubuntu-rbe-200x/pico/pico-sdk/src/rp2040/pico_platform/platform.c.o
LOAD CMakeFiles/my_blink.dir/home/ubuntu-rbe-200x/pico/pico-sdk/src/rp2_common/pico_platform_panic/panic.c.o
LOAD CMakeFiles/my_blink.dir/home/ubuntu-rbe-200x/pico/pico-sdk/src/common/hardware_claim/claim.c.o
LOAD CMakeFiles/my_blink.dir/home/ubuntu-rbe-200x/pico/pico-sdk/src/rp2_common/hardware_sync/sync.c.o
LOAD CMakeFiles/my_blink.dir/home/ubuntu-rbe-200x/pico/pico-sdk/src/rp2_common/hardware_sync_spin_lock/sync_spin_lock.c.o
LOAD CMakeFiles/my_blink.dir/home/ubuntu-rbe-200x/pico/pico-sdk/src/rp2_common/hardware_irq/irq.c.o
LOAD CMakeFiles/my_blink.dir/home/ubuntu-rbe-200x/pico/pico-sdk/src/rp2_common/hardware_irq/irq_handler_chain.S.o
LOAD CMakeFiles/my_blink.dir/home/ubuntu-rbe-200x/pico/pico-sdk/src/common/pico_sync/sem.c.o
LOAD CMakeFiles/my_blink.dir/home/ubuntu-rbe-200x/pico/pico-sdk/src/common/pico_sync/lock_core.c.o
LOAD CMakeFiles/my_blink.dir/home/ubuntu-rbe-200x/pico/pico-sdk/src/common/pico_sync/mutex.c.o
LOAD CMakeFiles/my_blink.dir/home/ubuntu-rbe-200x/pico/pico-sdk/src/common/pico_sync/critical_section.c.o
LOAD CMakeFiles/my_blink.dir/home/ubuntu-rbe-200x/pico/pico-sdk/src/common/pico_time/time.c.o
LOAD CMakeFiles/my_blink.dir/home/ubuntu-rbe-200x/pico/pico-sdk/src/common/pico_time/timeout_helper.c.o
LOAD CMakeFiles/my_blink.dir/home/ubuntu-rbe-200x/pico/pico-sdk/src/rp2_common/hardware_timer/timer.c.o
LOAD CMakeFiles/my_blink.dir/home/ubuntu-rbe-200x/pico/pico-sdk/src/common/pico_util/datetime.c.o
LOAD CMakeFiles/my_blink.dir/home/ubuntu-rbe-200x/pico/pico-sdk/src/common/pico_util/pheap.c.o
LOAD CMakeFiles/my_blink.dir/home/ubuntu-rbe-200x/pico/pico-sdk/src/common/pico_util/queue.c.o
LOAD CMakeFiles/my_blink.dir/home/ubuntu-rbe-200x/pico/pico-sdk/src/rp2_common/hardware_uart/uart.c.o
LOAD CMakeFiles/my_blink.dir/home/ubuntu-rbe-200x/pico/pico-sdk/src/rp2_common/hardware_clocks/clocks.c.o
LOAD CMakeFiles/my_blink.dir/home/ubuntu-rbe-200x/pico/pico-sdk/src/rp2_common/hardware_pll/pll.c.o
LOAD CMakeFiles/my_blink.dir/home/ubuntu-rbe-200x/pico/pico-sdk/src/rp2_common/hardware_vreg/vreg.c.o
LOAD CMakeFiles/my_blink.dir/home/ubuntu-rbe-200x/pico/pico-sdk/src/rp2_common/hardware_watchdog/watchdog.c.o
LOAD CMakeFiles/my_blink.dir/home/ubuntu-rbe-200x/pico/pico-sdk/src/rp2_common/hardware_ticks/ticks.c.o
LOAD CMakeFiles/my_blink.dir/home/ubuntu-rbe-200x/pico/pico-sdk/src/rp2_common/pico_bootrom/bootrom.c.o
LOAD CMakeFiles/my_blink.dir/home/ubuntu-rbe-200x/pico/pico-sdk/src/rp2_common/pico_bootrom/bootrom_lock.c.o
LOAD CMakeFiles/my_blink.dir/home/ubuntu-rbe-200x/pico/pico-sdk/src/rp2_common/hardware_boot_lock/boot_lock.c.o
LOAD CMakeFiles/my_blink.dir/home/ubuntu-rbe-200x/pico/pico-sdk/src/rp2_common/pico_flash/flash.c.o
LOAD CMakeFiles/my_blink.dir/home/ubuntu-rbe-200x/pico/pico-sdk/src/rp2_common/hardware_xosc/xosc.c.o
LOAD CMakeFiles/my_blink.dir/home/ubuntu-rbe-200x/pico/pico-sdk/src/rp2_common/hardware_divider/divider.S.o
LOAD CMakeFiles/my_blink.dir/home/ubuntu-rbe-200x/pico/pico-sdk/src/rp2_common/pico_runtime/runtime.c.o
LOAD CMakeFiles/my_blink.dir/home/ubuntu-rbe-200x/pico/pico-sdk/src/rp2_common/pico_runtime_init/runtime_init.c.o
LOAD CMakeFiles/my_blink.dir/home/ubuntu-rbe-200x/pico/pico-sdk/src/rp2_common/pico_runtime_init/runtime_init_clocks.c.o
LOAD CMakeFiles/my_blink.dir/home/ubuntu-rbe-200x/pico/pico-sdk/src/rp2_common/pico_runtime_init/runtime_init_stack_guard.c.o
LOAD CMakeFiles/my_blink.dir/home/ubuntu-rbe-200x/pico/pico-sdk/src/rp2_common/pico_bit_ops/bit_ops_aeabi.S.o
LOAD CMakeFiles/my_blink.dir/home/ubuntu-rbe-200x/pico/pico-sdk/src/rp2_common/pico_divider/divider_hardware.S.o
LOAD CMakeFiles/my_blink.dir/home/ubuntu-rbe-200x/pico/pico-sdk/src/rp2_common/pico_double/double_aeabi_rp2040.S.o
LOAD CMakeFiles/my_blink.dir/home/ubuntu-rbe-200x/pico/pico-sdk/src/rp2_common/pico_double/double_init_rom_rp2040.c.o
LOAD CMakeFiles/my_blink.dir/home/ubuntu-rbe-200x/pico/pico-sdk/src/rp2_common/pico_double/double_math.c.o
LOAD CMakeFiles/my_blink.dir/home/ubuntu-rbe-200x/pico/pico-sdk/src/rp2_common/pico_double/double_v1_rom_shim_rp2040.S.o
LOAD CMakeFiles/my_blink.dir/home/ubuntu-rbe-200x/pico/pico-sdk/src/rp2_common/pico_int64_ops/pico_int64_ops_aeabi.S.o
LOAD CMakeFiles/my_blink.dir/home/ubuntu-rbe-200x/pico/pico-sdk/src/rp2_common/pico_float/float_aeabi_rp2040.S.o
LOAD CMakeFiles/my_blink.dir/home/ubuntu-rbe-200x/pico/pico-sdk/src/rp2_common/pico_float/float_init_rom_rp2040.c.o
LOAD CMakeFiles/my_blink.dir/home/ubuntu-rbe-200x/pico/pico-sdk/src/rp2_common/pico_float/float_math.c.o
LOAD CMakeFiles/my_blink.dir/home/ubuntu-rbe-200x/pico/pico-sdk/src/rp2_common/pico_float/float_v1_rom_shim_rp2040.S.o
LOAD CMakeFiles/my_blink.dir/home/ubuntu-rbe-200x/pico/pico-sdk/src/rp2_common/pico_malloc/malloc.c.o
LOAD CMakeFiles/my_blink.dir/home/ubuntu-rbe-200x/pico/pico-sdk/src/rp2_common/pico_mem_ops/mem_ops_aeabi.S.o
LOAD CMakeFiles/my_blink.dir/home/ubuntu-rbe-200x/pico/pico-sdk/src/rp2_common/pico_atomic/atomic.c.o